mode: atomic
github.com/CCoupel/GhostDrive/plugins/moosefs/cmd/main.go:32.13,35.2 2 0
github.com/CCoupel/GhostDrive/plugins/moosefs/moosefs.go:83.21,83.42 1 32
github.com/CCoupel/GhostDrive/plugins/moosefs/moosefs.go:88.33,88.53 1 0
github.com/CCoupel/GhostDrive/plugins/moosefs/moosefs.go:92.55,138.2 1 1
github.com/CCoupel/GhostDrive/plugins/moosefs/moosefs.go:153.60,154.23 1 22
github.com/CCoupel/GhostDrive/plugins/moosefs/moosefs.go:154.23,156.3 1 0
github.com/CCoupel/GhostDrive/plugins/moosefs/moosefs.go:158.2,159.22 2 22
github.com/CCoupel/GhostDrive/plugins/moosefs/moosefs.go:159.22,161.3 1 1
github.com/CCoupel/GhostDrive/plugins/moosefs/moosefs.go:163.2,164.44 2 21
github.com/CCoupel/GhostDrive/plugins/moosefs/moosefs.go:164.44,165.53 1 21
github.com/CCoupel/GhostDrive/plugins/moosefs/moosefs.go:165.53,167.4 1 21
github.com/CCoupel/GhostDrive/plugins/moosefs/moosefs.go:170.2,171.40 2 21
github.com/CCoupel/GhostDrive/plugins/moosefs/moosefs.go:171.40,173.3 1 20
github.com/CCoupel/GhostDrive/plugins/moosefs/moosefs.go:175.2,176.46 2 21
github.com/CCoupel/GhostDrive/plugins/moosefs/moosefs.go:176.46,177.53 1 19
github.com/CCoupel/GhostDrive/plugins/moosefs/moosefs.go:177.53,179.4 1 19
github.com/CCoupel/GhostDrive/plugins/moosefs/moosefs.go:182.2,184.16 3 21
github.com/CCoupel/GhostDrive/plugins/moosefs/moosefs.go:184.16,187.3 2 1
github.com/CCoupel/GhostDrive/plugins/moosefs/moosefs.go:188.2,194.21 4 20
github.com/CCoupel/GhostDrive/plugins/moosefs/moosefs.go:194.21,196.3 1 0
github.com/CCoupel/GhostDrive/plugins/moosefs/moosefs.go:198.2,203.12 6 20
github.com/CCoupel/GhostDrive/plugins/moosefs/moosefs.go:208.38,212.18 3 20
github.com/CCoupel/GhostDrive/plugins/moosefs/moosefs.go:212.18,214.3 1 0
github.com/CCoupel/GhostDrive/plugins/moosefs/moosefs.go:215.2,216.21 2 20
github.com/CCoupel/GhostDrive/plugins/moosefs/moosefs.go:216.21,219.3 2 20
github.com/CCoupel/GhostDrive/plugins/moosefs/moosefs.go:220.2,220.12 1 20
github.com/CCoupel/GhostDrive/plugins/moosefs/moosefs.go:225.38,229.2 3 16
github.com/CCoupel/GhostDrive/plugins/moosefs/moosefs.go:235.92,239.2 3 57
github.com/CCoupel/GhostDrive/plugins/moosefs/moosefs.go:243.34,244.16 1 4
github.com/CCoupel/GhostDrive/plugins/moosefs/moosefs.go:244.16,246.3 1 0
github.com/CCoupel/GhostDrive/plugins/moosefs/moosefs.go:247.2,254.29 2 4
github.com/CCoupel/GhostDrive/plugins/moosefs/moosefs.go:266.37,283.15 10 8
github.com/CCoupel/GhostDrive/plugins/moosefs/moosefs.go:283.15,285.3 1 7
github.com/CCoupel/GhostDrive/plugins/moosefs/moosefs.go:287.2,290.16 3 1
github.com/CCoupel/GhostDrive/plugins/moosefs/moosefs.go:290.16,293.3 2 0
github.com/CCoupel/GhostDrive/plugins/moosefs/moosefs.go:295.2,296.21 2 1
github.com/CCoupel/GhostDrive/plugins/moosefs/moosefs.go:296.21,298.3 1 1
github.com/CCoupel/GhostDrive/plugins/moosefs/moosefs.go:299.2,303.12 5 1
github.com/CCoupel/GhostDrive/plugins/moosefs/moosefs.go:307.76,310.44 3 22
github.com/CCoupel/GhostDrive/plugins/moosefs/moosefs.go:310.44,311.53 1 22
github.com/CCoupel/GhostDrive/plugins/moosefs/moosefs.go:311.53,313.4 1 22
github.com/CCoupel/GhostDrive/plugins/moosefs/moosefs.go:315.2,316.16 2 22
github.com/CCoupel/GhostDrive/plugins/moosefs/moosefs.go:316.16,318.3 1 1
github.com/CCoupel/GhostDrive/plugins/moosefs/moosefs.go:319.2,319.37 1 21
github.com/CCoupel/GhostDrive/plugins/moosefs/moosefs.go:319.37,322.3 2 0
github.com/CCoupel/GhostDrive/plugins/moosefs/moosefs.go:323.2,323.59 1 21
github.com/CCoupel/GhostDrive/plugins/moosefs/moosefs.go:323.59,326.3 2 0
github.com/CCoupel/GhostDrive/plugins/moosefs/moosefs.go:327.2,327.15 1 21
github.com/CCoupel/GhostDrive/plugins/moosefs/moosefs.go:336.110,338.83 2 16
github.com/CCoupel/GhostDrive/plugins/moosefs/moosefs.go:338.83,340.51 2 0
github.com/CCoupel/GhostDrive/plugins/moosefs/moosefs.go:340.51,342.4 1 0
github.com/CCoupel/GhostDrive/plugins/moosefs/moosefs.go:343.3,344.47 2 0
github.com/CCoupel/GhostDrive/plugins/moosefs/moosefs.go:346.2,346.12 1 16
github.com/CCoupel/GhostDrive/plugins/moosefs/moosefs.go:349.110,351.16 2 16
github.com/CCoupel/GhostDrive/plugins/moosefs/moosefs.go:351.16,353.3 1 1
github.com/CCoupel/GhostDrive/plugins/moosefs/moosefs.go:354.2,354.34 1 15
github.com/CCoupel/GhostDrive/plugins/moosefs/moosefs.go:354.34,356.3 1 1
github.com/CCoupel/GhostDrive/plugins/moosefs/moosefs.go:359.2,361.57 3 14
github.com/CCoupel/GhostDrive/plugins/moosefs/moosefs.go:361.57,362.64 1 1
github.com/CCoupel/GhostDrive/plugins/moosefs/moosefs.go:362.64,364.4 1 1
github.com/CCoupel/GhostDrive/plugins/moosefs/moosefs.go:366.2,370.16 3 14
github.com/CCoupel/GhostDrive/plugins/moosefs/moosefs.go:370.16,372.3 1 0
github.com/CCoupel/GhostDrive/plugins/moosefs/moosefs.go:373.2,376.16 3 14
github.com/CCoupel/GhostDrive/plugins/moosefs/moosefs.go:376.16,378.3 1 0
github.com/CCoupel/GhostDrive/plugins/moosefs/moosefs.go:379.2,384.16 4 14
github.com/CCoupel/GhostDrive/plugins/moosefs/moosefs.go:384.16,386.3 1 0
github.com/CCoupel/GhostDrive/plugins/moosefs/moosefs.go:392.2,392.71 1 14
github.com/CCoupel/GhostDrive/plugins/moosefs/moosefs.go:392.71,396.3 1 0
github.com/CCoupel/GhostDrive/plugins/moosefs/moosefs.go:399.2,400.16 2 14
github.com/CCoupel/GhostDrive/plugins/moosefs/moosefs.go:400.16,402.3 1 0
github.com/CCoupel/GhostDrive/plugins/moosefs/moosefs.go:415.2,426.12 4 14
github.com/CCoupel/GhostDrive/plugins/moosefs/moosefs.go:426.12,435.27 5 14
github.com/CCoupel/GhostDrive/plugins/moosefs/moosefs.go:435.27,436.18 1 28
github.com/CCoupel/GhostDrive/plugins/moosefs/moosefs.go:436.18,438.5 1 14
github.com/CCoupel/GhostDrive/plugins/moosefs/moosefs.go:439.4,439.11 1 14
github.com/CCoupel/GhostDrive/plugins/moosefs/moosefs.go:440.22,442.16 2 14
github.com/CCoupel/GhostDrive/plugins/moosefs/moosefs.go:443.22,444.17 1 0
github.com/CCoupel/GhostDrive/plugins/moosefs/moosefs.go:448.3,448.7 1 14
github.com/CCoupel/GhostDrive/plugins/moosefs/moosefs.go:448.7,449.36 1 31
github.com/CCoupel/GhostDrive/plugins/moosefs/moosefs.go:449.36,452.5 2 0
github.com/CCoupel/GhostDrive/plugins/moosefs/moosefs.go:453.4,454.13 2 31
github.com/CCoupel/GhostDrive/plugins/moosefs/moosefs.go:454.13,456.73 2 17
github.com/CCoupel/GhostDrive/plugins/moosefs/moosefs.go:456.73,459.6 1 3
github.com/CCoupel/GhostDrive/plugins/moosefs/moosefs.go:459.11,461.21 1 14
github.com/CCoupel/GhostDrive/plugins/moosefs/moosefs.go:461.21,464.7 2 0
github.com/CCoupel/GhostDrive/plugins/moosefs/moosefs.go:465.6,467.57 3 14
github.com/CCoupel/GhostDrive/plugins/moosefs/moosefs.go:469.5,469.28 1 17
github.com/CCoupel/GhostDrive/plugins/moosefs/moosefs.go:471.4,471.25 1 31
github.com/CCoupel/GhostDrive/plugins/moosefs/moosefs.go:471.25,472.20 1 14
github.com/CCoupel/GhostDrive/plugins/moosefs/moosefs.go:472.20,475.6 2 0
github.com/CCoupel/GhostDrive/plugins/moosefs/moosefs.go:476.5,477.11 2 14
github.com/CCoupel/GhostDrive/plugins/moosefs/moosefs.go:479.4,479.22 1 17
github.com/CCoupel/GhostDrive/plugins/moosefs/moosefs.go:479.22,482.5 2 0
github.com/CCoupel/GhostDrive/plugins/moosefs/moosefs.go:487.2,493.24 6 14
github.com/CCoupel/GhostDrive/plugins/moosefs/moosefs.go:493.24,498.13 4 14
github.com/CCoupel/GhostDrive/plugins/moosefs/moosefs.go:498.13,500.17 2 14
github.com/CCoupel/GhostDrive/plugins/moosefs/moosefs.go:500.17,500.26 1 14
github.com/CCoupel/GhostDrive/plugins/moosefs/moosefs.go:504.4,507.42 4 14
github.com/CCoupel/GhostDrive/plugins/moosefs/moosefs.go:507.42,509.5 1 0
github.com/CCoupel/GhostDrive/plugins/moosefs/moosefs.go:511.4,512.83 2 14
github.com/CCoupel/GhostDrive/plugins/moosefs/moosefs.go:512.83,515.25 3 0
github.com/CCoupel/GhostDrive/plugins/moosefs/moosefs.go:515.25,518.6 1 0
github.com/CCoupel/GhostDrive/plugins/moosefs/moosefs.go:519.5,520.11 2 0
github.com/CCoupel/GhostDrive/plugins/moosefs/moosefs.go:523.4,524.23 2 14
github.com/CCoupel/GhostDrive/plugins/moosefs/moosefs.go:524.23,526.5 1 4
github.com/CCoupel/GhostDrive/plugins/moosefs/moosefs.go:530.2,533.40 2 14
github.com/CCoupel/GhostDrive/plugins/moosefs/moosefs.go:533.40,535.3 1 0
github.com/CCoupel/GhostDrive/plugins/moosefs/moosefs.go:537.2,540.16 4 14
github.com/CCoupel/GhostDrive/plugins/moosefs/moosefs.go:540.16,542.3 1 0
github.com/CCoupel/GhostDrive/plugins/moosefs/moosefs.go:543.2,544.12 2 14
github.com/CCoupel/GhostDrive/plugins/moosefs/moosefs.go:549.112,551.16 2 7
github.com/CCoupel/GhostDrive/plugins/moosefs/moosefs.go:551.16,553.3 1 1
github.com/CCoupel/GhostDrive/plugins/moosefs/moosefs.go:556.2,557.16 2 6
github.com/CCoupel/GhostDrive/plugins/moosefs/moosefs.go:557.16,559.3 1 0
github.com/CCoupel/GhostDrive/plugins/moosefs/moosefs.go:562.2,563.16 2 6
github.com/CCoupel/GhostDrive/plugins/moosefs/moosefs.go:563.16,565.3 1 0
github.com/CCoupel/GhostDrive/plugins/moosefs/moosefs.go:566.2,569.63 2 6
github.com/CCoupel/GhostDrive/plugins/moosefs/moosefs.go:569.63,571.3 1 0
github.com/CCoupel/GhostDrive/plugins/moosefs/moosefs.go:573.2,574.16 2 6
github.com/CCoupel/GhostDrive/plugins/moosefs/moosefs.go:574.16,576.3 1 0
github.com/CCoupel/GhostDrive/plugins/moosefs/moosefs.go:577.2,582.6 4 6
github.com/CCoupel/GhostDrive/plugins/moosefs/moosefs.go:582.6,583.35 1 15
github.com/CCoupel/GhostDrive/plugins/moosefs/moosefs.go:583.35,585.4 1 0
github.com/CCoupel/GhostDrive/plugins/moosefs/moosefs.go:587.3,588.21 2 15
github.com/CCoupel/GhostDrive/plugins/moosefs/moosefs.go:588.21,591.4 2 0
github.com/CCoupel/GhostDrive/plugins/moosefs/moosefs.go:592.3,592.22 1 15
github.com/CCoupel/GhostDrive/plugins/moosefs/moosefs.go:592.22,593.9 1 6
github.com/CCoupel/GhostDrive/plugins/moosefs/moosefs.go:596.3,596.55 1 9
github.com/CCoupel/GhostDrive/plugins/moosefs/moosefs.go:596.55,598.4 1 0
github.com/CCoupel/GhostDrive/plugins/moosefs/moosefs.go:599.3,601.22 3 9
github.com/CCoupel/GhostDrive/plugins/moosefs/moosefs.go:601.22,603.4 1 1
github.com/CCoupel/GhostDrive/plugins/moosefs/moosefs.go:605.2,605.12 1 6
github.com/CCoupel/GhostDrive/plugins/moosefs/moosefs.go:610.68,612.16 2 3
github.com/CCoupel/GhostDrive/plugins/moosefs/moosefs.go:612.16,614.3 1 1
github.com/CCoupel/GhostDrive/plugins/moosefs/moosefs.go:617.2,618.16 2 2
github.com/CCoupel/GhostDrive/plugins/moosefs/moosefs.go:618.16,620.3 1 0
github.com/CCoupel/GhostDrive/plugins/moosefs/moosefs.go:622.2,623.16 2 2
github.com/CCoupel/GhostDrive/plugins/moosefs/moosefs.go:623.16,625.3 1 0
github.com/CCoupel/GhostDrive/plugins/moosefs/moosefs.go:627.2,628.16 2 2
github.com/CCoupel/GhostDrive/plugins/moosefs/moosefs.go:628.16,630.3 1 0
github.com/CCoupel/GhostDrive/plugins/moosefs/moosefs.go:632.2,632.18 1 2
github.com/CCoupel/GhostDrive/plugins/moosefs/moosefs.go:632.18,634.53 1 0
github.com/CCoupel/GhostDrive/plugins/moosefs/moosefs.go:634.53,636.4 1 0
github.com/CCoupel/GhostDrive/plugins/moosefs/moosefs.go:637.8,639.54 1 2
github.com/CCoupel/GhostDrive/plugins/moosefs/moosefs.go:639.54,641.4 1 0
github.com/CCoupel/GhostDrive/plugins/moosefs/moosefs.go:643.2,643.12 1 2
github.com/CCoupel/GhostDrive/plugins/moosefs/moosefs.go:649.76,650.43 1 2
github.com/CCoupel/GhostDrive/plugins/moosefs/moosefs.go:650.43,652.17 2 2
github.com/CCoupel/GhostDrive/plugins/moosefs/moosefs.go:652.17,654.4 1 1
github.com/CCoupel/GhostDrive/plugins/moosefs/moosefs.go:656.3,657.17 2 1
github.com/CCoupel/GhostDrive/plugins/moosefs/moosefs.go:657.17,658.40 1 0
github.com/CCoupel/GhostDrive/plugins/moosefs/moosefs.go:658.40,660.53 2 0
github.com/CCoupel/GhostDrive/plugins/moosefs/moosefs.go:660.53,662.6 1 0
github.com/CCoupel/GhostDrive/plugins/moosefs/moosefs.go:663.5,663.13 1 0
github.com/CCoupel/GhostDrive/plugins/moosefs/moosefs.go:665.4,665.88 1 0
github.com/CCoupel/GhostDrive/plugins/moosefs/moosefs.go:668.3,669.17 2 1
github.com/CCoupel/GhostDrive/plugins/moosefs/moosefs.go:669.17,670.40 1 0
github.com/CCoupel/GhostDrive/plugins/moosefs/moosefs.go:670.40,672.53 2 0
github.com/CCoupel/GhostDrive/plugins/moosefs/moosefs.go:672.53,674.6 1 0
github.com/CCoupel/GhostDrive/plugins/moosefs/moosefs.go:675.5,675.13 1 0
github.com/CCoupel/GhostDrive/plugins/moosefs/moosefs.go:677.4,677.88 1 0
github.com/CCoupel/GhostDrive/plugins/moosefs/moosefs.go:680.3,680.78 1 1
github.com/CCoupel/GhostDrive/plugins/moosefs/moosefs.go:680.78,681.40 1 0
github.com/CCoupel/GhostDrive/plugins/moosefs/moosefs.go:681.40,683.53 2 0
github.com/CCoupel/GhostDrive/plugins/moosefs/moosefs.go:683.53,685.6 1 0
github.com/CCoupel/GhostDrive/plugins/moosefs/moosefs.go:686.5,686.13 1 0
github.com/CCoupel/GhostDrive/plugins/moosefs/moosefs.go:688.4,688.75 1 0
github.com/CCoupel/GhostDrive/plugins/moosefs/moosefs.go:690.3,691.13 2 1
github.com/CCoupel/GhostDrive/plugins/moosefs/moosefs.go:693.2,693.24 1 0
github.com/CCoupel/GhostDrive/plugins/moosefs/moosefs.go:701.89,702.43 1 13
github.com/CCoupel/GhostDrive/plugins/moosefs/moosefs.go:702.43,704.17 2 13
github.com/CCoupel/GhostDrive/plugins/moosefs/moosefs.go:704.17,706.4 1 1
github.com/CCoupel/GhostDrive/plugins/moosefs/moosefs.go:708.3,709.17 2 12
github.com/CCoupel/GhostDrive/plugins/moosefs/moosefs.go:709.17,710.40 1 0
github.com/CCoupel/GhostDrive/plugins/moosefs/moosefs.go:710.40,712.53 2 0
github.com/CCoupel/GhostDrive/plugins/moosefs/moosefs.go:712.53,714.6 1 0
github.com/CCoupel/GhostDrive/plugins/moosefs/moosefs.go:715.5,715.13 1 0
github.com/CCoupel/GhostDrive/plugins/moosefs/moosefs.go:717.4,717.64 1 0
github.com/CCoupel/GhostDrive/plugins/moosefs/moosefs.go:720.3,721.17 2 12
github.com/CCoupel/GhostDrive/plugins/moosefs/moosefs.go:721.17,722.40 1 0
github.com/CCoupel/GhostDrive/plugins/moosefs/moosefs.go:722.40,724.53 2 0
github.com/CCoupel/GhostDrive/plugins/moosefs/moosefs.go:724.53,726.6 1 0
github.com/CCoupel/GhostDrive/plugins/moosefs/moosefs.go:727.5,727.13 1 0
github.com/CCoupel/GhostDrive/plugins/moosefs/moosefs.go:729.4,730.73 2 0
github.com/CCoupel/GhostDrive/plugins/moosefs/moosefs.go:732.3,737.29 3 12
github.com/CCoupel/GhostDrive/plugins/moosefs/moosefs.go:737.29,738.39 1 6
github.com/CCoupel/GhostDrive/plugins/moosefs/moosefs.go:738.39,739.13 1 0
github.com/CCoupel/GhostDrive/plugins/moosefs/moosefs.go:741.4,749.31 3 6
github.com/CCoupel/GhostDrive/plugins/moosefs/moosefs.go:751.3,751.21 1 12
github.com/CCoupel/GhostDrive/plugins/moosefs/moosefs.go:754.2,754.29 1 0
github.com/CCoupel/GhostDrive/plugins/moosefs/moosefs.go:759.89,760.43 1 8
github.com/CCoupel/GhostDrive/plugins/moosefs/moosefs.go:760.43,762.17 2 8
github.com/CCoupel/GhostDrive/plugins/moosefs/moosefs.go:762.17,764.4 1 1
github.com/CCoupel/GhostDrive/plugins/moosefs/moosefs.go:765.3,766.17 2 7
github.com/CCoupel/GhostDrive/plugins/moosefs/moosefs.go:766.17,767.40 1 4
github.com/CCoupel/GhostDrive/plugins/moosefs/moosefs.go:767.40,769.53 2 0
github.com/CCoupel/GhostDrive/plugins/moosefs/moosefs.go:769.53,771.6 1 0
github.com/CCoupel/GhostDrive/plugins/moosefs/moosefs.go:772.5,772.13 1 0
github.com/CCoupel/GhostDrive/plugins/moosefs/moosefs.go:774.4,774.65 1 4
github.com/CCoupel/GhostDrive/plugins/moosefs/moosefs.go:776.3,777.17 2 3
github.com/CCoupel/GhostDrive/plugins/moosefs/moosefs.go:777.17,779.4 1 0
github.com/CCoupel/GhostDrive/plugins/moosefs/moosefs.go:780.3,781.37 2 3
github.com/CCoupel/GhostDrive/plugins/moosefs/moosefs.go:781.37,783.4 1 0
github.com/CCoupel/GhostDrive/plugins/moosefs/moosefs.go:784.3,785.56 2 3
github.com/CCoupel/GhostDrive/plugins/moosefs/moosefs.go:785.56,787.4 1 3
github.com/CCoupel/GhostDrive/plugins/moosefs/moosefs.go:788.3,788.17 1 3
github.com/CCoupel/GhostDrive/plugins/moosefs/moosefs.go:788.17,790.4 1 0
github.com/CCoupel/GhostDrive/plugins/moosefs/moosefs.go:791.3,797.9 1 3
github.com/CCoupel/GhostDrive/plugins/moosefs/moosefs.go:799.2,799.29 1 0
github.com/CCoupel/GhostDrive/plugins/moosefs/moosefs.go:805.72,807.16 2 4
github.com/CCoupel/GhostDrive/plugins/moosefs/moosefs.go:807.16,809.3 1 1
github.com/CCoupel/GhostDrive/plugins/moosefs/moosefs.go:811.2,812.16 2 3
github.com/CCoupel/GhostDrive/plugins/moosefs/moosefs.go:812.16,814.3 1 0
github.com/CCoupel/GhostDrive/plugins/moosefs/moosefs.go:816.2,817.21 2 3
github.com/CCoupel/GhostDrive/plugins/moosefs/moosefs.go:817.21,821.3 1 0
github.com/CCoupel/GhostDrive/plugins/moosefs/moosefs.go:822.2,822.12 1 3
github.com/CCoupel/GhostDrive/plugins/moosefs/moosefs.go:830.98,831.22 1 4
github.com/CCoupel/GhostDrive/plugins/moosefs/moosefs.go:831.22,833.3 1 1
github.com/CCoupel/GhostDrive/plugins/moosefs/moosefs.go:835.2,839.12 3 3
github.com/CCoupel/GhostDrive/plugins/moosefs/moosefs.go:839.12,848.7 5 3
github.com/CCoupel/GhostDrive/plugins/moosefs/moosefs.go:848.7,849.11 1 10
github.com/CCoupel/GhostDrive/plugins/moosefs/moosefs.go:850.22,851.11 1 3
github.com/CCoupel/GhostDrive/plugins/moosefs/moosefs.go:852.20,853.25 1 7
github.com/CCoupel/GhostDrive/plugins/moosefs/moosefs.go:853.25,855.6 1 0
github.com/CCoupel/GhostDrive/plugins/moosefs/moosefs.go:857.5,858.19 2 7
github.com/CCoupel/GhostDrive/plugins/moosefs/moosefs.go:858.19,859.14 1 0
github.com/CCoupel/GhostDrive/plugins/moosefs/moosefs.go:862.5,863.32 2 7
github.com/CCoupel/GhostDrive/plugins/moosefs/moosefs.go:863.32,865.6 1 3
github.com/CCoupel/GhostDrive/plugins/moosefs/moosefs.go:868.5,868.35 1 7
github.com/CCoupel/GhostDrive/plugins/moosefs/moosefs.go:868.35,871.17 3 3
github.com/CCoupel/GhostDrive/plugins/moosefs/moosefs.go:871.17,873.7 1 1
github.com/CCoupel/GhostDrive/plugins/moosefs/moosefs.go:873.12,873.65 1 2
github.com/CCoupel/GhostDrive/plugins/moosefs/moosefs.go:873.65,875.7 1 0
github.com/CCoupel/GhostDrive/plugins/moosefs/moosefs.go:876.6,876.22 1 3
github.com/CCoupel/GhostDrive/plugins/moosefs/moosefs.go:876.22,877.14 1 1
github.com/CCoupel/GhostDrive/plugins/moosefs/moosefs.go:883.9,883.9 0 1
github.com/CCoupel/GhostDrive/plugins/moosefs/moosefs.go:884.25,885.14 1 0
github.com/CCoupel/GhostDrive/plugins/moosefs/moosefs.go:891.5,891.29 1 7
github.com/CCoupel/GhostDrive/plugins/moosefs/moosefs.go:891.29,892.45 1 3
github.com/CCoupel/GhostDrive/plugins/moosefs/moosefs.go:892.45,893.14 1 1
github.com/CCoupel/GhostDrive/plugins/moosefs/moosefs.go:899.9,899.9 0 1
github.com/CCoupel/GhostDrive/plugins/moosefs/moosefs.go:900.25,901.14 1 0
github.com/CCoupel/GhostDrive/plugins/moosefs/moosefs.go:906.5,906.26 1 7
github.com/CCoupel/GhostDrive/plugins/moosefs/moosefs.go:911.2,911.16 1 3
github.com/CCoupel/GhostDrive/plugins/moosefs/moosefs.go:915.104,917.16 2 3
github.com/CCoupel/GhostDrive/plugins/moosefs/moosefs.go:917.16,919.3 1 0
github.com/CCoupel/GhostDrive/plugins/moosefs/moosefs.go:920.2,921.29 2 3
github.com/CCoupel/GhostDrive/plugins/moosefs/moosefs.go:921.29,923.3 1 1
github.com/CCoupel/GhostDrive/plugins/moosefs/moosefs.go:924.2,924.10 1 3
github.com/CCoupel/GhostDrive/plugins/moosefs/moosefs.go:934.78,935.43 1 2
github.com/CCoupel/GhostDrive/plugins/moosefs/moosefs.go:935.43,936.23 1 2
github.com/CCoupel/GhostDrive/plugins/moosefs/moosefs.go:936.23,938.4 1 1
github.com/CCoupel/GhostDrive/plugins/moosefs/moosefs.go:939.3,941.17 3 1
github.com/CCoupel/GhostDrive/plugins/moosefs/moosefs.go:941.17,942.40 1 0
github.com/CCoupel/GhostDrive/plugins/moosefs/moosefs.go:942.40,944.53 2 0
github.com/CCoupel/GhostDrive/plugins/moosefs/moosefs.go:944.53,947.6 2 0
github.com/CCoupel/GhostDrive/plugins/moosefs/moosefs.go:948.5,948.13 1 0
github.com/CCoupel/GhostDrive/plugins/moosefs/moosefs.go:950.4,951.57 2 0
github.com/CCoupel/GhostDrive/plugins/moosefs/moosefs.go:953.3,954.26 2 1
github.com/CCoupel/GhostDrive/plugins/moosefs/moosefs.go:956.2,957.30 2 0
github.com/CCoupel/GhostDrive/plugins/moosefs/resolve.go:27.100,32.39 3 62
github.com/CCoupel/GhostDrive/plugins/moosefs/resolve.go:32.39,34.3 1 33
github.com/CCoupel/GhostDrive/plugins/moosefs/resolve.go:36.2,39.31 3 29
github.com/CCoupel/GhostDrive/plugins/moosefs/resolve.go:39.31,40.30 1 29
github.com/CCoupel/GhostDrive/plugins/moosefs/resolve.go:40.30,41.12 1 0
github.com/CCoupel/GhostDrive/plugins/moosefs/resolve.go:44.3,44.35 1 29
github.com/CCoupel/GhostDrive/plugins/moosefs/resolve.go:44.35,46.4 1 0
github.com/CCoupel/GhostDrive/plugins/moosefs/resolve.go:48.3,49.17 2 29
github.com/CCoupel/GhostDrive/plugins/moosefs/resolve.go:49.17,51.4 1 18
github.com/CCoupel/GhostDrive/plugins/moosefs/resolve.go:52.3,52.19 1 11
github.com/CCoupel/GhostDrive/plugins/moosefs/resolve.go:55.2,55.20 1 11
github.com/CCoupel/GhostDrive/plugins/moosefs/resolve.go:63.110,68.32 4 21
github.com/CCoupel/GhostDrive/plugins/moosefs/resolve.go:68.32,70.3 1 0
github.com/CCoupel/GhostDrive/plugins/moosefs/resolve.go:73.2,73.30 1 21
github.com/CCoupel/GhostDrive/plugins/moosefs/resolve.go:73.30,75.3 1 21
github.com/CCoupel/GhostDrive/plugins/moosefs/resolve.go:77.2,78.16 2 21
github.com/CCoupel/GhostDrive/plugins/moosefs/resolve.go:78.16,80.3 1 0
github.com/CCoupel/GhostDrive/plugins/moosefs/resolve.go:82.2,82.28 1 21
github.com/CCoupel/GhostDrive/plugins/moosefs/internal/mfsclient/client.go:45.51,48.16 3 30
github.com/CCoupel/GhostDrive/plugins/moosefs/internal/mfsclient/client.go:48.16,50.3 1 1
github.com/CCoupel/GhostDrive/plugins/moosefs/internal/mfsclient/client.go:51.2,51.45 1 29
github.com/CCoupel/GhostDrive/plugins/moosefs/internal/mfsclient/client.go:55.32,58.19 3 29
github.com/CCoupel/GhostDrive/plugins/moosefs/internal/mfsclient/client.go:58.19,60.3 1 0
github.com/CCoupel/GhostDrive/plugins/moosefs/internal/mfsclient/client.go:61.2,63.12 3 29
github.com/CCoupel/GhostDrive/plugins/moosefs/internal/mfsclient/client.go:67.37,71.2 3 1
github.com/CCoupel/GhostDrive/plugins/moosefs/internal/mfsclient/client.go:84.85,85.19 1 130
github.com/CCoupel/GhostDrive/plugins/moosefs/internal/mfsclient/client.go:85.19,87.3 1 0
github.com/CCoupel/GhostDrive/plugins/moosefs/internal/mfsclient/client.go:89.2,89.57 1 130
github.com/CCoupel/GhostDrive/plugins/moosefs/internal/mfsclient/client.go:89.57,91.3 1 0
github.com/CCoupel/GhostDrive/plugins/moosefs/internal/mfsclient/client.go:93.2,93.6 1 130
github.com/CCoupel/GhostDrive/plugins/moosefs/internal/mfsclient/client.go:93.6,95.17 2 130
github.com/CCoupel/GhostDrive/plugins/moosefs/internal/mfsclient/client.go:95.17,97.4 1 0
github.com/CCoupel/GhostDrive/plugins/moosefs/internal/mfsclient/client.go:99.3,99.27 1 130
github.com/CCoupel/GhostDrive/plugins/moosefs/internal/mfsclient/client.go:99.27,100.12 1 0
github.com/CCoupel/GhostDrive/plugins/moosefs/internal/mfsclient/client.go:102.3,102.28 1 130
github.com/CCoupel/GhostDrive/plugins/moosefs/internal/mfsclient/client.go:102.28,104.4 1 0
github.com/CCoupel/GhostDrive/plugins/moosefs/internal/mfsclient/client.go:105.3,105.25 1 130
github.com/CCoupel/GhostDrive/plugins/moosefs/internal/mfsclient/client.go:112.50,113.23 1 4
github.com/CCoupel/GhostDrive/plugins/moosefs/internal/mfsclient/client.go:113.23,115.3 1 0
github.com/CCoupel/GhostDrive/plugins/moosefs/internal/mfsclient/client.go:116.2,118.16 3 4
github.com/CCoupel/GhostDrive/plugins/moosefs/internal/mfsclient/client.go:119.16,120.19 1 2
github.com/CCoupel/GhostDrive/plugins/moosefs/internal/mfsclient/client.go:121.20,122.67 1 2
github.com/CCoupel/GhostDrive/plugins/moosefs/internal/mfsclient/client.go:123.20,124.59 1 0
github.com/CCoupel/GhostDrive/plugins/moosefs/internal/mfsclient/client.go:125.23,126.59 1 0
github.com/CCoupel/GhostDrive/plugins/moosefs/internal/mfsclient/client.go:127.10,128.77 1 0
github.com/CCoupel/GhostDrive/plugins/moosefs/internal/mfsclient/client.go:151.35,174.16 11 28
github.com/CCoupel/GhostDrive/plugins/moosefs/internal/mfsclient/client.go:174.16,176.3 1 0
github.com/CCoupel/GhostDrive/plugins/moosefs/internal/mfsclient/client.go:179.2,179.19 1 28
github.com/CCoupel/GhostDrive/plugins/moosefs/internal/mfsclient/client.go:179.19,180.17 1 0
github.com/CCoupel/GhostDrive/plugins/moosefs/internal/mfsclient/client.go:181.13,183.109 1 0
github.com/CCoupel/GhostDrive/plugins/moosefs/internal/mfsclient/client.go:184.13,185.87 1 0
github.com/CCoupel/GhostDrive/plugins/moosefs/internal/mfsclient/client.go:186.11,187.83 1 0
github.com/CCoupel/GhostDrive/plugins/moosefs/internal/mfsclient/client.go:190.2,190.18 1 28
github.com/CCoupel/GhostDrive/plugins/moosefs/internal/mfsclient/client.go:190.18,192.3 1 0
github.com/CCoupel/GhostDrive/plugins/moosefs/internal/mfsclient/client.go:195.2,196.16 2 28
github.com/CCoupel/GhostDrive/plugins/moosefs/internal/mfsclient/client.go:196.16,198.3 1 0
github.com/CCoupel/GhostDrive/plugins/moosefs/internal/mfsclient/client.go:199.2,200.12 2 28
github.com/CCoupel/GhostDrive/plugins/moosefs/internal/mfsclient/client.go:217.58,224.16 5 1
github.com/CCoupel/GhostDrive/plugins/moosefs/internal/mfsclient/client.go:224.16,226.3 1 0
github.com/CCoupel/GhostDrive/plugins/moosefs/internal/mfsclient/client.go:229.2,229.22 1 1
github.com/CCoupel/GhostDrive/plugins/moosefs/internal/mfsclient/client.go:229.22,231.3 1 0
github.com/CCoupel/GhostDrive/plugins/moosefs/internal/mfsclient/client.go:233.2,234.16 2 1
github.com/CCoupel/GhostDrive/plugins/moosefs/internal/mfsclient/client.go:234.16,236.3 1 0
github.com/CCoupel/GhostDrive/plugins/moosefs/internal/mfsclient/client.go:237.2,238.16 2 1
github.com/CCoupel/GhostDrive/plugins/moosefs/internal/mfsclient/client.go:238.16,240.3 1 0
github.com/CCoupel/GhostDrive/plugins/moosefs/internal/mfsclient/client.go:242.2,242.50 1 1
github.com/CCoupel/GhostDrive/plugins/moosefs/internal/mfsclient/client.go:257.71,269.16 10 2
github.com/CCoupel/GhostDrive/plugins/moosefs/internal/mfsclient/client.go:269.16,271.3 1 0
github.com/CCoupel/GhostDrive/plugins/moosefs/internal/mfsclient/client.go:273.2,273.26 1 2
github.com/CCoupel/GhostDrive/plugins/moosefs/internal/mfsclient/client.go:273.26,276.29 2 1
github.com/CCoupel/GhostDrive/plugins/moosefs/internal/mfsclient/client.go:276.29,278.4 1 1
github.com/CCoupel/GhostDrive/plugins/moosefs/internal/mfsclient/client.go:279.3,279.91 1 0
github.com/CCoupel/GhostDrive/plugins/moosefs/internal/mfsclient/client.go:283.2,283.30 1 1
github.com/CCoupel/GhostDrive/plugins/moosefs/internal/mfsclient/client.go:283.30,285.3 1 0
github.com/CCoupel/GhostDrive/plugins/moosefs/internal/mfsclient/client.go:286.2,287.16 2 1
github.com/CCoupel/GhostDrive/plugins/moosefs/internal/mfsclient/client.go:287.16,289.3 1 0
github.com/CCoupel/GhostDrive/plugins/moosefs/internal/mfsclient/client.go:290.2,290.19 1 1
github.com/CCoupel/GhostDrive/plugins/moosefs/internal/mfsclient/client.go:306.56,314.16 6 15
github.com/CCoupel/GhostDrive/plugins/moosefs/internal/mfsclient/client.go:314.16,316.3 1 0
github.com/CCoupel/GhostDrive/plugins/moosefs/internal/mfsclient/client.go:318.2,318.26 1 15
github.com/CCoupel/GhostDrive/plugins/moosefs/internal/mfsclient/client.go:318.26,320.29 2 3
github.com/CCoupel/GhostDrive/plugins/moosefs/internal/mfsclient/client.go:320.29,322.4 1 3
github.com/CCoupel/GhostDrive/plugins/moosefs/internal/mfsclient/client.go:323.3,323.82 1 0
github.com/CCoupel/GhostDrive/plugins/moosefs/internal/mfsclient/client.go:326.2,326.30 1 12
github.com/CCoupel/GhostDrive/plugins/moosefs/internal/mfsclient/client.go:326.30,328.3 1 0
github.com/CCoupel/GhostDrive/plugins/moosefs/internal/mfsclient/client.go:330.2,331.16 2 12
github.com/CCoupel/GhostDrive/plugins/moosefs/internal/mfsclient/client.go:331.16,333.3 1 0
github.com/CCoupel/GhostDrive/plugins/moosefs/internal/mfsclient/client.go:334.2,335.18 2 12
github.com/CCoupel/GhostDrive/plugins/moosefs/internal/mfsclient/client.go:353.61,367.16 12 3
github.com/CCoupel/GhostDrive/plugins/moosefs/internal/mfsclient/client.go:367.16,369.3 1 0
github.com/CCoupel/GhostDrive/plugins/moosefs/internal/mfsclient/client.go:371.2,371.18 1 3
github.com/CCoupel/GhostDrive/plugins/moosefs/internal/mfsclient/client.go:371.18,374.3 1 0
github.com/CCoupel/GhostDrive/plugins/moosefs/internal/mfsclient/client.go:376.2,379.22 2 3
github.com/CCoupel/GhostDrive/plugins/moosefs/internal/mfsclient/client.go:379.22,381.3 1 0
github.com/CCoupel/GhostDrive/plugins/moosefs/internal/mfsclient/client.go:382.2,386.21 3 3
github.com/CCoupel/GhostDrive/plugins/moosefs/internal/mfsclient/client.go:386.21,390.17 4 2
github.com/CCoupel/GhostDrive/plugins/moosefs/internal/mfsclient/client.go:390.17,391.9 1 0
github.com/CCoupel/GhostDrive/plugins/moosefs/internal/mfsclient/client.go:393.3,393.34 1 2
github.com/CCoupel/GhostDrive/plugins/moosefs/internal/mfsclient/client.go:393.34,398.4 2 0
github.com/CCoupel/GhostDrive/plugins/moosefs/internal/mfsclient/client.go:399.3,403.17 4 2
github.com/CCoupel/GhostDrive/plugins/moosefs/internal/mfsclient/client.go:403.17,405.4 1 0
github.com/CCoupel/GhostDrive/plugins/moosefs/internal/mfsclient/client.go:407.3,409.17 3 2
github.com/CCoupel/GhostDrive/plugins/moosefs/internal/mfsclient/client.go:409.17,411.4 1 0
github.com/CCoupel/GhostDrive/plugins/moosefs/internal/mfsclient/client.go:412.3,415.31 2 2
github.com/CCoupel/GhostDrive/plugins/moosefs/internal/mfsclient/client.go:417.2,417.21 1 3
github.com/CCoupel/GhostDrive/plugins/moosefs/internal/mfsclient/client.go:433.83,449.16 14 16
github.com/CCoupel/GhostDrive/plugins/moosefs/internal/mfsclient/client.go:449.16,451.3 1 0
github.com/CCoupel/GhostDrive/plugins/moosefs/internal/mfsclient/client.go:453.2,453.26 1 16
github.com/CCoupel/GhostDrive/plugins/moosefs/internal/mfsclient/client.go:453.26,455.29 2 0
github.com/CCoupel/GhostDrive/plugins/moosefs/internal/mfsclient/client.go:455.29,457.4 1 0
github.com/CCoupel/GhostDrive/plugins/moosefs/internal/mfsclient/client.go:458.3,458.90 1 0
github.com/CCoupel/GhostDrive/plugins/moosefs/internal/mfsclient/client.go:461.2,461.30 1 16
github.com/CCoupel/GhostDrive/plugins/moosefs/internal/mfsclient/client.go:461.30,463.3 1 0
github.com/CCoupel/GhostDrive/plugins/moosefs/internal/mfsclient/client.go:464.2,465.16 2 16
github.com/CCoupel/GhostDrive/plugins/moosefs/internal/mfsclient/client.go:465.16,467.3 1 0
github.com/CCoupel/GhostDrive/plugins/moosefs/internal/mfsclient/client.go:468.2,468.19 1 16
github.com/CCoupel/GhostDrive/plugins/moosefs/internal/mfsclient/client.go:481.83,496.16 13 4
github.com/CCoupel/GhostDrive/plugins/moosefs/internal/mfsclient/client.go:496.16,498.3 1 0
github.com/CCoupel/GhostDrive/plugins/moosefs/internal/mfsclient/client.go:500.2,500.26 1 4
github.com/CCoupel/GhostDrive/plugins/moosefs/internal/mfsclient/client.go:500.26,502.29 2 0
github.com/CCoupel/GhostDrive/plugins/moosefs/internal/mfsclient/client.go:502.29,504.4 1 0
github.com/CCoupel/GhostDrive/plugins/moosefs/internal/mfsclient/client.go:505.3,505.29 1 0
github.com/CCoupel/GhostDrive/plugins/moosefs/internal/mfsclient/client.go:505.29,508.4 1 0
github.com/CCoupel/GhostDrive/plugins/moosefs/internal/mfsclient/client.go:509.3,509.90 1 0
github.com/CCoupel/GhostDrive/plugins/moosefs/internal/mfsclient/client.go:512.2,512.30 1 4
github.com/CCoupel/GhostDrive/plugins/moosefs/internal/mfsclient/client.go:512.30,514.3 1 0
github.com/CCoupel/GhostDrive/plugins/moosefs/internal/mfsclient/client.go:515.2,516.16 2 4
github.com/CCoupel/GhostDrive/plugins/moosefs/internal/mfsclient/client.go:516.16,518.3 1 0
github.com/CCoupel/GhostDrive/plugins/moosefs/internal/mfsclient/client.go:519.2,519.19 1 4
github.com/CCoupel/GhostDrive/plugins/moosefs/internal/mfsclient/client.go:532.61,544.16 10 2
github.com/CCoupel/GhostDrive/plugins/moosefs/internal/mfsclient/client.go:544.16,546.3 1 0
github.com/CCoupel/GhostDrive/plugins/moosefs/internal/mfsclient/client.go:548.2,548.18 1 2
github.com/CCoupel/GhostDrive/plugins/moosefs/internal/mfsclient/client.go:548.18,550.3 1 0
github.com/CCoupel/GhostDrive/plugins/moosefs/internal/mfsclient/client.go:552.2,552.47 1 2
github.com/CCoupel/GhostDrive/plugins/moosefs/internal/mfsclient/client.go:552.47,554.3 1 1
github.com/CCoupel/GhostDrive/plugins/moosefs/internal/mfsclient/client.go:555.2,555.12 1 1
github.com/CCoupel/GhostDrive/plugins/moosefs/internal/mfsclient/client.go:568.60,580.16 10 2
github.com/CCoupel/GhostDrive/plugins/moosefs/internal/mfsclient/client.go:580.16,582.3 1 0
github.com/CCoupel/GhostDrive/plugins/moosefs/internal/mfsclient/client.go:584.2,584.18 1 2
github.com/CCoupel/GhostDrive/plugins/moosefs/internal/mfsclient/client.go:584.18,586.3 1 0
github.com/CCoupel/GhostDrive/plugins/moosefs/internal/mfsclient/client.go:587.2,587.47 1 2
github.com/CCoupel/GhostDrive/plugins/moosefs/internal/mfsclient/client.go:587.47,589.3 1 1
github.com/CCoupel/GhostDrive/plugins/moosefs/internal/mfsclient/client.go:590.2,590.12 1 1
github.com/CCoupel/GhostDrive/plugins/moosefs/internal/mfsclient/client.go:605.103,619.16 12 0
github.com/CCoupel/GhostDrive/plugins/moosefs/internal/mfsclient/client.go:619.16,621.3 1 0
github.com/CCoupel/GhostDrive/plugins/moosefs/internal/mfsclient/client.go:622.2,622.18 1 0
github.com/CCoupel/GhostDrive/plugins/moosefs/internal/mfsclient/client.go:622.18,624.3 1 0
github.com/CCoupel/GhostDrive/plugins/moosefs/internal/mfsclient/client.go:625.2,625.47 1 0
github.com/CCoupel/GhostDrive/plugins/moosefs/internal/mfsclient/client.go:625.47,627.3 1 0
github.com/CCoupel/GhostDrive/plugins/moosefs/internal/mfsclient/client.go:628.2,628.12 1 0
github.com/CCoupel/GhostDrive/plugins/moosefs/internal/mfsclient/client.go:667.82,680.16 8 26
github.com/CCoupel/GhostDrive/plugins/moosefs/internal/mfsclient/client.go:680.16,682.3 1 0
github.com/CCoupel/GhostDrive/plugins/moosefs/internal/mfsclient/client.go:684.2,684.19 1 26
github.com/CCoupel/GhostDrive/plugins/moosefs/internal/mfsclient/client.go:684.19,686.3 1 0
github.com/CCoupel/GhostDrive/plugins/moosefs/internal/mfsclient/client.go:687.2,688.16 2 26
github.com/CCoupel/GhostDrive/plugins/moosefs/internal/mfsclient/client.go:688.16,690.17 2 0
github.com/CCoupel/GhostDrive/plugins/moosefs/internal/mfsclient/client.go:690.17,692.4 1 0
github.com/CCoupel/GhostDrive/plugins/moosefs/internal/mfsclient/client.go:693.3,694.46 1 0
github.com/CCoupel/GhostDrive/plugins/moosefs/internal/mfsclient/client.go:696.2,696.28 1 26
github.com/CCoupel/GhostDrive/plugins/moosefs/internal/mfsclient/client.go:696.28,698.3 1 0
github.com/CCoupel/GhostDrive/plugins/moosefs/internal/mfsclient/client.go:699.2,701.18 2 26
github.com/CCoupel/GhostDrive/plugins/moosefs/internal/mfsclient/client.go:709.105,735.16 15 11
github.com/CCoupel/GhostDrive/plugins/moosefs/internal/mfsclient/client.go:735.16,737.3 1 0
github.com/CCoupel/GhostDrive/plugins/moosefs/internal/mfsclient/client.go:738.2,739.21 2 11
github.com/CCoupel/GhostDrive/plugins/moosefs/internal/mfsclient/client.go:739.21,742.3 1 0
github.com/CCoupel/GhostDrive/plugins/moosefs/internal/mfsclient/client.go:743.2,743.27 1 11
github.com/CCoupel/GhostDrive/plugins/moosefs/internal/mfsclient/client.go:743.27,746.3 1 0
github.com/CCoupel/GhostDrive/plugins/moosefs/internal/mfsclient/client.go:747.2,748.12 2 11
github.com/CCoupel/GhostDrive/plugins/moosefs/internal/mfsclient/client.go:758.103,777.16 13 15
github.com/CCoupel/GhostDrive/plugins/moosefs/internal/mfsclient/client.go:777.16,779.3 1 0
github.com/CCoupel/GhostDrive/plugins/moosefs/internal/mfsclient/client.go:780.2,780.21 1 15
github.com/CCoupel/GhostDrive/plugins/moosefs/internal/mfsclient/client.go:780.21,783.3 1 0
github.com/CCoupel/GhostDrive/plugins/moosefs/internal/mfsclient/client.go:784.2,784.27 1 15
github.com/CCoupel/GhostDrive/plugins/moosefs/internal/mfsclient/client.go:784.27,787.3 1 0
github.com/CCoupel/GhostDrive/plugins/moosefs/internal/mfsclient/client.go:788.2,788.12 1 15
github.com/CCoupel/GhostDrive/plugins/moosefs/internal/mfsclient/client.go:807.73,813.16 4 13
github.com/CCoupel/GhostDrive/plugins/moosefs/internal/mfsclient/client.go:813.16,815.3 1 0
github.com/CCoupel/GhostDrive/plugins/moosefs/internal/mfsclient/client.go:817.2,820.48 3 13
github.com/CCoupel/GhostDrive/plugins/moosefs/internal/mfsclient/client.go:820.48,822.39 1 26
github.com/CCoupel/GhostDrive/plugins/moosefs/internal/mfsclient/client.go:822.39,823.12 1 0
github.com/CCoupel/GhostDrive/plugins/moosefs/internal/mfsclient/client.go:828.3,828.19 1 26
github.com/CCoupel/GhostDrive/plugins/moosefs/internal/mfsclient/client.go:828.19,830.18 2 13
github.com/CCoupel/GhostDrive/plugins/moosefs/internal/mfsclient/client.go:830.18,833.5 1 0
github.com/CCoupel/GhostDrive/plugins/moosefs/internal/mfsclient/client.go:836.4,836.40 1 13
github.com/CCoupel/GhostDrive/plugins/moosefs/internal/mfsclient/client.go:836.40,837.95 1 1
github.com/CCoupel/GhostDrive/plugins/moosefs/internal/mfsclient/client.go:837.95,840.6 1 0
github.com/CCoupel/GhostDrive/plugins/moosefs/internal/mfsclient/client.go:841.5,841.13 1 1
github.com/CCoupel/GhostDrive/plugins/moosefs/internal/mfsclient/client.go:844.3,853.21 6 25
github.com/CCoupel/GhostDrive/plugins/moosefs/internal/mfsclient/client.go:853.21,857.94 3 6
github.com/CCoupel/GhostDrive/plugins/moosefs/internal/mfsclient/client.go:857.94,860.5 1 0
github.com/CCoupel/GhostDrive/plugins/moosefs/internal/mfsclient/client.go:861.4,861.12 1 6
github.com/CCoupel/GhostDrive/plugins/moosefs/internal/mfsclient/client.go:867.3,868.59 2 19
github.com/CCoupel/GhostDrive/plugins/moosefs/internal/mfsclient/client.go:868.59,870.4 1 6
github.com/CCoupel/GhostDrive/plugins/moosefs/internal/mfsclient/client.go:872.3,875.22 3 19
github.com/CCoupel/GhostDrive/plugins/moosefs/internal/mfsclient/client.go:875.22,879.94 3 8
github.com/CCoupel/GhostDrive/plugins/moosefs/internal/mfsclient/client.go:879.94,882.5 1 0
github.com/CCoupel/GhostDrive/plugins/moosefs/internal/mfsclient/client.go:883.4,883.12 1 8
github.com/CCoupel/GhostDrive/plugins/moosefs/internal/mfsclient/client.go:887.3,887.65 1 11
github.com/CCoupel/GhostDrive/plugins/moosefs/internal/mfsclient/client.go:890.2,890.20 1 2
github.com/CCoupel/GhostDrive/plugins/moosefs/internal/mfsclient/client.go:890.20,893.3 1 2
github.com/CCoupel/GhostDrive/plugins/moosefs/internal/mfsclient/client.go:894.2,895.18 1 0
github.com/CCoupel/GhostDrive/plugins/moosefs/internal/mfsclient/client.go:907.82,908.20 1 4
github.com/CCoupel/GhostDrive/plugins/moosefs/internal/mfsclient/client.go:908.20,910.3 1 2
github.com/CCoupel/GhostDrive/plugins/moosefs/internal/mfsclient/client.go:911.2,912.47 2 2
github.com/CCoupel/GhostDrive/plugins/moosefs/internal/mfsclient/client.go:912.47,915.3 1 1
github.com/CCoupel/GhostDrive/plugins/moosefs/internal/mfsclient/client.go:916.2,916.38 1 1
github.com/CCoupel/GhostDrive/plugins/moosefs/internal/mfsclient/client.go:930.82,935.42 3 5
github.com/CCoupel/GhostDrive/plugins/moosefs/internal/mfsclient/client.go:935.42,944.17 7 5
github.com/CCoupel/GhostDrive/plugins/moosefs/internal/mfsclient/client.go:944.17,946.4 1 0
github.com/CCoupel/GhostDrive/plugins/moosefs/internal/mfsclient/client.go:949.3,949.20 1 5
github.com/CCoupel/GhostDrive/plugins/moosefs/internal/mfsclient/client.go:949.20,951.18 2 0
github.com/CCoupel/GhostDrive/plugins/moosefs/internal/mfsclient/client.go:952.18,953.20 1 0
github.com/CCoupel/GhostDrive/plugins/moosefs/internal/mfsclient/client.go:954.22,955.103 1 0
github.com/CCoupel/GhostDrive/plugins/moosefs/internal/mfsclient/client.go:956.12,957.97 1 0
github.com/CCoupel/GhostDrive/plugins/moosefs/internal/mfsclient/client.go:961.3,962.17 2 5
github.com/CCoupel/GhostDrive/plugins/moosefs/internal/mfsclient/client.go:962.17,964.4 1 0
github.com/CCoupel/GhostDrive/plugins/moosefs/internal/mfsclient/client.go:965.3,965.29 1 5
github.com/CCoupel/GhostDrive/plugins/moosefs/internal/mfsclient/client.go:965.29,967.4 1 0
github.com/CCoupel/GhostDrive/plugins/moosefs/internal/mfsclient/client.go:968.3,968.19 1 5
github.com/CCoupel/GhostDrive/plugins/moosefs/internal/mfsclient/client.go:970.2,970.16 1 5
github.com/CCoupel/GhostDrive/plugins/moosefs/internal/mfsclient/client.go:970.16,972.3 1 0
github.com/CCoupel/GhostDrive/plugins/moosefs/internal/mfsclient/client.go:973.2,973.17 1 5
github.com/CCoupel/GhostDrive/plugins/moosefs/internal/mfsclient/client.go:973.17,975.3 1 0
github.com/CCoupel/GhostDrive/plugins/moosefs/internal/mfsclient/client.go:978.2,980.16 3 5
github.com/CCoupel/GhostDrive/plugins/moosefs/internal/mfsclient/client.go:980.16,982.3 1 0
github.com/CCoupel/GhostDrive/plugins/moosefs/internal/mfsclient/client.go:983.2,985.69 2 5
github.com/CCoupel/GhostDrive/plugins/moosefs/internal/mfsclient/client.go:1012.53,1013.18 1 34
github.com/CCoupel/GhostDrive/plugins/moosefs/internal/mfsclient/client.go:1013.18,1015.3 1 0
github.com/CCoupel/GhostDrive/plugins/moosefs/internal/mfsclient/client.go:1017.2,1032.20 4 34
github.com/CCoupel/GhostDrive/plugins/moosefs/internal/mfsclient/client.go:1033.12,1037.17 3 34
github.com/CCoupel/GhostDrive/plugins/moosefs/internal/mfsclient/client.go:1037.17,1039.4 1 0
github.com/CCoupel/GhostDrive/plugins/moosefs/internal/mfsclient/client.go:1040.3,1041.17 2 34
github.com/CCoupel/GhostDrive/plugins/moosefs/internal/mfsclient/client.go:1041.17,1043.4 1 0
github.com/CCoupel/GhostDrive/plugins/moosefs/internal/mfsclient/client.go:1044.3,1045.17 2 34
github.com/CCoupel/GhostDrive/plugins/moosefs/internal/mfsclient/client.go:1045.17,1047.4 1 0
github.com/CCoupel/GhostDrive/plugins/moosefs/internal/mfsclient/client.go:1048.3,1048.21 1 34
github.com/CCoupel/GhostDrive/plugins/moosefs/internal/mfsclient/client.go:1049.10,1050.18 1 0
github.com/CCoupel/GhostDrive/plugins/moosefs/internal/mfsclient/client.go:1051.10,1052.18 1 34
github.com/CCoupel/GhostDrive/plugins/moosefs/internal/mfsclient/client.go:1055.9,1060.17 2 0
github.com/CCoupel/GhostDrive/plugins/moosefs/internal/mfsclient/client.go:1060.17,1062.4 1 0
github.com/CCoupel/GhostDrive/plugins/moosefs/internal/mfsclient/client.go:1063.3,1064.17 2 0
github.com/CCoupel/GhostDrive/plugins/moosefs/internal/mfsclient/client.go:1064.17,1066.4 1 0
github.com/CCoupel/GhostDrive/plugins/moosefs/internal/mfsclient/client.go:1067.3,1068.17 2 0
github.com/CCoupel/GhostDrive/plugins/moosefs/internal/mfsclient/client.go:1068.17,1070.4 1 0
github.com/CCoupel/GhostDrive/plugins/moosefs/internal/mfsclient/client.go:1071.3,1071.16 1 0
github.com/CCoupel/GhostDrive/plugins/moosefs/internal/mfsclient/client.go:1073.10,1079.17 2 0
github.com/CCoupel/GhostDrive/plugins/moosefs/internal/mfsclient/client.go:1079.17,1081.4 1 0
github.com/CCoupel/GhostDrive/plugins/moosefs/internal/mfsclient/client.go:1082.3,1083.154 2 0
github.com/CCoupel/GhostDrive/plugins/moosefs/internal/mfsclient/client.go:1086.2,1088.36 3 34
github.com/CCoupel/GhostDrive/plugins/moosefs/internal/mfsclient/client.go:1088.36,1090.3 1 34
github.com/CCoupel/GhostDrive/plugins/moosefs/internal/mfsclient/client.go:1092.2,1099.25 2 34
github.com/CCoupel/GhostDrive/plugins/moosefs/internal/mfsclient/client.go:1099.25,1102.17 3 51
github.com/CCoupel/GhostDrive/plugins/moosefs/internal/mfsclient/client.go:1102.17,1104.4 1 0
github.com/CCoupel/GhostDrive/plugins/moosefs/internal/mfsclient/client.go:1105.3,1106.17 2 51
github.com/CCoupel/GhostDrive/plugins/moosefs/internal/mfsclient/client.go:1106.17,1108.4 1 0
github.com/CCoupel/GhostDrive/plugins/moosefs/internal/mfsclient/client.go:1109.3,1109.22 1 51
github.com/CCoupel/GhostDrive/plugins/moosefs/internal/mfsclient/client.go:1109.22,1111.18 2 51
github.com/CCoupel/GhostDrive/plugins/moosefs/internal/mfsclient/client.go:1111.18,1113.5 1 0
github.com/CCoupel/GhostDrive/plugins/moosefs/internal/mfsclient/client.go:1115.3,1115.22 1 51
github.com/CCoupel/GhostDrive/plugins/moosefs/internal/mfsclient/client.go:1115.22,1117.18 2 51
github.com/CCoupel/GhostDrive/plugins/moosefs/internal/mfsclient/client.go:1117.18,1119.5 1 0
github.com/CCoupel/GhostDrive/plugins/moosefs/internal/mfsclient/client.go:1121.3,1121.43 1 51
github.com/CCoupel/GhostDrive/plugins/moosefs/internal/mfsclient/client.go:1130.2,1132.23 2 34
github.com/CCoupel/GhostDrive/plugins/moosefs/internal/mfsclient/client.go:1132.23,1134.3 1 2
github.com/CCoupel/GhostDrive/plugins/moosefs/internal/mfsclient/client.go:1136.2,1136.18 1 34
github.com/CCoupel/GhostDrive/plugins/moosefs/internal/mfsclient/csclient.go:60.55,65.16 5 42
github.com/CCoupel/GhostDrive/plugins/moosefs/internal/mfsclient/csclient.go:65.16,67.3 1 6
github.com/CCoupel/GhostDrive/plugins/moosefs/internal/mfsclient/csclient.go:68.2,68.18 1 36
github.com/CCoupel/GhostDrive/plugins/moosefs/internal/mfsclient/csclient.go:78.105,86.64 6 7
github.com/CCoupel/GhostDrive/plugins/moosefs/internal/mfsclient/csclient.go:86.64,88.3 1 0
github.com/CCoupel/GhostDrive/plugins/moosefs/internal/mfsclient/csclient.go:91.2,92.6 2 7
github.com/CCoupel/GhostDrive/plugins/moosefs/internal/mfsclient/csclient.go:92.6,94.17 2 12
github.com/CCoupel/GhostDrive/plugins/moosefs/internal/mfsclient/csclient.go:94.17,96.4 1 0
github.com/CCoupel/GhostDrive/plugins/moosefs/internal/mfsclient/csclient.go:98.3,98.14 1 12
github.com/CCoupel/GhostDrive/plugins/moosefs/internal/mfsclient/csclient.go:99.27,103.26 2 6
github.com/CCoupel/GhostDrive/plugins/moosefs/internal/mfsclient/csclient.go:103.26,105.5 1 0
github.com/CCoupel/GhostDrive/plugins/moosefs/internal/mfsclient/csclient.go:106.4,108.18 3 6
github.com/CCoupel/GhostDrive/plugins/moosefs/internal/mfsclient/csclient.go:108.18,110.5 1 0
github.com/CCoupel/GhostDrive/plugins/moosefs/internal/mfsclient/csclient.go:111.4,112.18 2 6
github.com/CCoupel/GhostDrive/plugins/moosefs/internal/mfsclient/csclient.go:112.18,114.5 1 0
github.com/CCoupel/GhostDrive/plugins/moosefs/internal/mfsclient/csclient.go:115.4,115.40 1 6
github.com/CCoupel/GhostDrive/plugins/moosefs/internal/mfsclient/csclient.go:115.40,118.5 1 0
github.com/CCoupel/GhostDrive/plugins/moosefs/internal/mfsclient/csclient.go:119.4,121.26 3 6
github.com/CCoupel/GhostDrive/plugins/moosefs/internal/mfsclient/csclient.go:121.26,124.5 1 1
github.com/CCoupel/GhostDrive/plugins/moosefs/internal/mfsclient/csclient.go:125.4,125.37 1 5
github.com/CCoupel/GhostDrive/plugins/moosefs/internal/mfsclient/csclient.go:127.29,129.21 1 6
github.com/CCoupel/GhostDrive/plugins/moosefs/internal/mfsclient/csclient.go:129.21,131.5 1 0
github.com/CCoupel/GhostDrive/plugins/moosefs/internal/mfsclient/csclient.go:132.4,133.26 2 6
github.com/CCoupel/GhostDrive/plugins/moosefs/internal/mfsclient/csclient.go:133.26,135.5 1 0
github.com/CCoupel/GhostDrive/plugins/moosefs/internal/mfsclient/csclient.go:136.4,136.22 1 6
github.com/CCoupel/GhostDrive/plugins/moosefs/internal/mfsclient/csclient.go:138.11,139.94 1 0
github.com/CCoupel/GhostDrive/plugins/moosefs/internal/mfsclient/csclient.go:169.117,178.28 5 28
github.com/CCoupel/GhostDrive/plugins/moosefs/internal/mfsclient/csclient.go:178.28,181.3 2 7
github.com/CCoupel/GhostDrive/plugins/moosefs/internal/mfsclient/csclient.go:183.2,183.69 1 28
github.com/CCoupel/GhostDrive/plugins/moosefs/internal/mfsclient/csclient.go:183.69,185.3 1 0
github.com/CCoupel/GhostDrive/plugins/moosefs/internal/mfsclient/csclient.go:194.2,194.6 1 28
github.com/CCoupel/GhostDrive/plugins/moosefs/internal/mfsclient/csclient.go:194.6,196.17 2 33
github.com/CCoupel/GhostDrive/plugins/moosefs/internal/mfsclient/csclient.go:196.17,197.30 1 6
github.com/CCoupel/GhostDrive/plugins/moosefs/internal/mfsclient/csclient.go:197.30,201.5 1 3
github.com/CCoupel/GhostDrive/plugins/moosefs/internal/mfsclient/csclient.go:202.4,202.87 1 3
github.com/CCoupel/GhostDrive/plugins/moosefs/internal/mfsclient/csclient.go:204.3,204.27 1 27
github.com/CCoupel/GhostDrive/plugins/moosefs/internal/mfsclient/csclient.go:204.27,205.12 1 5
github.com/CCoupel/GhostDrive/plugins/moosefs/internal/mfsclient/csclient.go:207.3,207.38 1 22
github.com/CCoupel/GhostDrive/plugins/moosefs/internal/mfsclient/csclient.go:207.38,210.4 1 0
github.com/CCoupel/GhostDrive/plugins/moosefs/internal/mfsclient/csclient.go:211.3,211.24 1 22
github.com/CCoupel/GhostDrive/plugins/moosefs/internal/mfsclient/csclient.go:211.24,214.4 1 0
github.com/CCoupel/GhostDrive/plugins/moosefs/internal/mfsclient/csclient.go:215.3,216.28 2 22
github.com/CCoupel/GhostDrive/plugins/moosefs/internal/mfsclient/csclient.go:216.28,219.4 1 5
github.com/CCoupel/GhostDrive/plugins/moosefs/internal/mfsclient/csclient.go:220.3,220.8 1 17
github.com/CCoupel/GhostDrive/plugins/moosefs/internal/mfsclient/csclient.go:234.2,243.26 8 17
github.com/CCoupel/GhostDrive/plugins/moosefs/internal/mfsclient/csclient.go:243.26,244.23 1 34
github.com/CCoupel/GhostDrive/plugins/moosefs/internal/mfsclient/csclient.go:244.23,244.42 1 17
github.com/CCoupel/GhostDrive/plugins/moosefs/internal/mfsclient/csclient.go:246.2,250.12 2 17
github.com/CCoupel/GhostDrive/plugins/moosefs/internal/mfsclient/csclient.go:250.12,251.7 1 17
github.com/CCoupel/GhostDrive/plugins/moosefs/internal/mfsclient/csclient.go:251.7,253.18 2 20
github.com/CCoupel/GhostDrive/plugins/moosefs/internal/mfsclient/csclient.go:253.18,254.31 1 0
github.com/CCoupel/GhostDrive/plugins/moosefs/internal/mfsclient/csclient.go:254.31,257.6 1 0
github.com/CCoupel/GhostDrive/plugins/moosefs/internal/mfsclient/csclient.go:257.11,259.6 1 0
github.com/CCoupel/GhostDrive/plugins/moosefs/internal/mfsclient/csclient.go:260.5,260.12 1 0
github.com/CCoupel/GhostDrive/plugins/moosefs/internal/mfsclient/csclient.go:260.35,260.35 0 0
github.com/CCoupel/GhostDrive/plugins/moosefs/internal/mfsclient/csclient.go:260.44,260.44 0 0
github.com/CCoupel/GhostDrive/plugins/moosefs/internal/mfsclient/csclient.go:261.5,262.11 2 0
github.com/CCoupel/GhostDrive/plugins/moosefs/internal/mfsclient/csclient.go:264.4,265.25 2 20
github.com/CCoupel/GhostDrive/plugins/moosefs/internal/mfsclient/csclient.go:265.25,266.13 1 3
github.com/CCoupel/GhostDrive/plugins/moosefs/internal/mfsclient/csclient.go:268.4,268.36 1 17
github.com/CCoupel/GhostDrive/plugins/moosefs/internal/mfsclient/csclient.go:268.36,271.12 2 0
github.com/CCoupel/GhostDrive/plugins/moosefs/internal/mfsclient/csclient.go:271.35,271.35 0 0
github.com/CCoupel/GhostDrive/plugins/moosefs/internal/mfsclient/csclient.go:271.44,271.44 0 0
github.com/CCoupel/GhostDrive/plugins/moosefs/internal/mfsclient/csclient.go:272.5,273.11 2 0
github.com/CCoupel/GhostDrive/plugins/moosefs/internal/mfsclient/csclient.go:275.4,275.22 1 17
github.com/CCoupel/GhostDrive/plugins/moosefs/internal/mfsclient/csclient.go:275.22,277.12 2 0
github.com/CCoupel/GhostDrive/plugins/moosefs/internal/mfsclient/csclient.go:277.35,277.35 0 0
github.com/CCoupel/GhostDrive/plugins/moosefs/internal/mfsclient/csclient.go:277.44,277.44 0 0
github.com/CCoupel/GhostDrive/plugins/moosefs/internal/mfsclient/csclient.go:278.5,279.11 2 0
github.com/CCoupel/GhostDrive/plugins/moosefs/internal/mfsclient/csclient.go:281.4,283.26 2 17
github.com/CCoupel/GhostDrive/plugins/moosefs/internal/mfsclient/csclient.go:283.26,286.12 2 1
github.com/CCoupel/GhostDrive/plugins/moosefs/internal/mfsclient/csclient.go:286.35,286.35 0 1
github.com/CCoupel/GhostDrive/plugins/moosefs/internal/mfsclient/csclient.go:286.44,286.44 0 0
github.com/CCoupel/GhostDrive/plugins/moosefs/internal/mfsclient/csclient.go:287.5,288.11 2 1
github.com/CCoupel/GhostDrive/plugins/moosefs/internal/mfsclient/csclient.go:302.4,304.10 3 16
github.com/CCoupel/GhostDrive/plugins/moosefs/internal/mfsclient/csclient.go:309.2,310.22 2 17
github.com/CCoupel/GhostDrive/plugins/moosefs/internal/mfsclient/csclient.go:310.22,312.10 1 28
github.com/CCoupel/GhostDrive/plugins/moosefs/internal/mfsclient/csclient.go:313.26,316.14 3 0
github.com/CCoupel/GhostDrive/plugins/moosefs/internal/mfsclient/csclient.go:317.11,317.11 0 28
github.com/CCoupel/GhostDrive/plugins/moosefs/internal/mfsclient/csclient.go:320.3,326.18 6 28
github.com/CCoupel/GhostDrive/plugins/moosefs/internal/mfsclient/csclient.go:326.18,328.4 1 15
github.com/CCoupel/GhostDrive/plugins/moosefs/internal/mfsclient/csclient.go:329.3,343.75 12 28
github.com/CCoupel/GhostDrive/plugins/moosefs/internal/mfsclient/csclient.go:343.75,352.11 5 0
github.com/CCoupel/GhostDrive/plugins/moosefs/internal/mfsclient/csclient.go:353.36,354.25 1 0
github.com/CCoupel/GhostDrive/plugins/moosefs/internal/mfsclient/csclient.go:354.25,356.6 1 0
github.com/CCoupel/GhostDrive/plugins/moosefs/internal/mfsclient/csclient.go:357.5,357.20 1 0
github.com/CCoupel/GhostDrive/plugins/moosefs/internal/mfsclient/csclient.go:358.19,359.20 1 0
github.com/CCoupel/GhostDrive/plugins/moosefs/internal/mfsclient/csclient.go:362.3,362.16 1 28
github.com/CCoupel/GhostDrive/plugins/moosefs/internal/mfsclient/csclient.go:366.2,366.9 1 17
github.com/CCoupel/GhostDrive/plugins/moosefs/internal/mfsclient/csclient.go:367.25,370.13 3 0
github.com/CCoupel/GhostDrive/plugins/moosefs/internal/mfsclient/csclient.go:371.10,371.10 0 17
github.com/CCoupel/GhostDrive/plugins/moosefs/internal/mfsclient/csclient.go:375.2,379.71 4 17
github.com/CCoupel/GhostDrive/plugins/moosefs/internal/mfsclient/csclient.go:379.71,381.13 2 0
github.com/CCoupel/GhostDrive/plugins/moosefs/internal/mfsclient/csclient.go:381.13,381.30 1 0
github.com/CCoupel/GhostDrive/plugins/moosefs/internal/mfsclient/csclient.go:382.3,382.75 1 0
github.com/CCoupel/GhostDrive/plugins/moosefs/internal/mfsclient/csclient.go:386.2,389.22 2 17
github.com/CCoupel/GhostDrive/plugins/moosefs/internal/mfsclient/protocol.go:156.35,157.11 1 6
github.com/CCoupel/GhostDrive/plugins/moosefs/internal/mfsclient/protocol.go:158.16,159.14 1 0
github.com/CCoupel/GhostDrive/plugins/moosefs/internal/mfsclient/protocol.go:160.20,161.18 1 0
github.com/CCoupel/GhostDrive/plugins/moosefs/internal/mfsclient/protocol.go:162.20,163.18 1 0
github.com/CCoupel/GhostDrive/plugins/moosefs/internal/mfsclient/protocol.go:164.20,165.18 1 0
github.com/CCoupel/GhostDrive/plugins/moosefs/internal/mfsclient/protocol.go:166.23,167.21 1 0
github.com/CCoupel/GhostDrive/plugins/moosefs/internal/mfsclient/protocol.go:168.27,169.23 1 0
github.com/CCoupel/GhostDrive/plugins/moosefs/internal/mfsclient/protocol.go:170.27,171.23 1 5
github.com/CCoupel/GhostDrive/plugins/moosefs/internal/mfsclient/protocol.go:172.28,173.24 1 0
github.com/CCoupel/GhostDrive/plugins/moosefs/internal/mfsclient/protocol.go:174.28,175.24 1 1
github.com/CCoupel/GhostDrive/plugins/moosefs/internal/mfsclient/protocol.go:176.19,177.15 1 0
github.com/CCoupel/GhostDrive/plugins/moosefs/internal/mfsclient/protocol.go:178.19,179.17 1 0
github.com/CCoupel/GhostDrive/plugins/moosefs/internal/mfsclient/protocol.go:180.10,181.19 1 0
github.com/CCoupel/GhostDrive/plugins/moosefs/internal/mfsclient/protocol.go:243.29,243.59 1 3
github.com/CCoupel/GhostDrive/plugins/moosefs/internal/mfsclient/protocol.go:268.66,273.43 4 400
github.com/CCoupel/GhostDrive/plugins/moosefs/internal/mfsclient/protocol.go:273.43,275.3 1 0
github.com/CCoupel/GhostDrive/plugins/moosefs/internal/mfsclient/protocol.go:276.2,276.22 1 400
github.com/CCoupel/GhostDrive/plugins/moosefs/internal/mfsclient/protocol.go:276.22,277.48 1 392
github.com/CCoupel/GhostDrive/plugins/moosefs/internal/mfsclient/protocol.go:277.48,279.4 1 0
github.com/CCoupel/GhostDrive/plugins/moosefs/internal/mfsclient/protocol.go:281.2,281.12 1 400
github.com/CCoupel/GhostDrive/plugins/moosefs/internal/mfsclient/protocol.go:291.71,293.49 2 430
github.com/CCoupel/GhostDrive/plugins/moosefs/internal/mfsclient/protocol.go:293.49,295.3 1 35
github.com/CCoupel/GhostDrive/plugins/moosefs/internal/mfsclient/protocol.go:297.2,300.30 3 395
github.com/CCoupel/GhostDrive/plugins/moosefs/internal/mfsclient/protocol.go:300.30,302.3 1 1
github.com/CCoupel/GhostDrive/plugins/moosefs/internal/mfsclient/protocol.go:304.2,304.16 1 394
github.com/CCoupel/GhostDrive/plugins/moosefs/internal/mfsclient/protocol.go:304.16,306.54 2 386
github.com/CCoupel/GhostDrive/plugins/moosefs/internal/mfsclient/protocol.go:306.54,308.4 1 0
github.com/CCoupel/GhostDrive/plugins/moosefs/internal/mfsclient/protocol.go:310.2,310.26 1 394
github.com/CCoupel/GhostDrive/plugins/moosefs/internal/mfsclient/protocol.go:316.43,318.2 1 332
github.com/CCoupel/GhostDrive/plugins/moosefs/internal/mfsclient/protocol.go:321.45,325.2 3 199
github.com/CCoupel/GhostDrive/plugins/moosefs/internal/mfsclient/protocol.go:328.45,332.2 3 1450
github.com/CCoupel/GhostDrive/plugins/moosefs/internal/mfsclient/protocol.go:335.45,339.2 3 323
github.com/CCoupel/GhostDrive/plugins/moosefs/internal/mfsclient/protocol.go:342.43,346.2 3 0
github.com/CCoupel/GhostDrive/plugins/moosefs/internal/mfsclient/protocol.go:350.47,353.2 2 26
github.com/CCoupel/GhostDrive/plugins/moosefs/internal/mfsclient/protocol.go:359.45,364.2 4 0
github.com/CCoupel/GhostDrive/plugins/moosefs/internal/mfsclient/protocol.go:370.55,371.19 1 16
github.com/CCoupel/GhostDrive/plugins/moosefs/internal/mfsclient/protocol.go:371.19,373.3 1 0
github.com/CCoupel/GhostDrive/plugins/moosefs/internal/mfsclient/protocol.go:374.2,374.29 1 16
github.com/CCoupel/GhostDrive/plugins/moosefs/internal/mfsclient/protocol.go:378.57,379.20 1 113
github.com/CCoupel/GhostDrive/plugins/moosefs/internal/mfsclient/protocol.go:379.20,381.3 1 0
github.com/CCoupel/GhostDrive/plugins/moosefs/internal/mfsclient/protocol.go:382.2,382.62 1 113
github.com/CCoupel/GhostDrive/plugins/moosefs/internal/mfsclient/protocol.go:387.57,388.20 1 605
github.com/CCoupel/GhostDrive/plugins/moosefs/internal/mfsclient/protocol.go:388.20,390.3 1 0
github.com/CCoupel/GhostDrive/plugins/moosefs/internal/mfsclient/protocol.go:391.2,391.62 1 605
github.com/CCoupel/GhostDrive/plugins/moosefs/internal/mfsclient/protocol.go:395.57,396.20 1 162
github.com/CCoupel/GhostDrive/plugins/moosefs/internal/mfsclient/protocol.go:396.20,398.3 1 0
github.com/CCoupel/GhostDrive/plugins/moosefs/internal/mfsclient/protocol.go:399.2,399.62 1 162
github.com/CCoupel/GhostDrive/plugins/moosefs/internal/mfsclient/protocol.go:403.55,406.2 2 0
github.com/CCoupel/GhostDrive/plugins/moosefs/internal/mfsclient/protocol.go:410.59,411.19 1 26
github.com/CCoupel/GhostDrive/plugins/moosefs/internal/mfsclient/protocol.go:411.19,413.3 1 0
github.com/CCoupel/GhostDrive/plugins/moosefs/internal/mfsclient/protocol.go:414.2,416.25 3 26
github.com/CCoupel/GhostDrive/plugins/moosefs/internal/mfsclient/protocol.go:416.25,418.3 1 0
github.com/CCoupel/GhostDrive/plugins/moosefs/internal/mfsclient/protocol.go:419.2,419.55 1 26
github.com/CCoupel/GhostDrive/plugins/moosefs/internal/mfsclient/protocol.go:426.57,427.20 1 0
github.com/CCoupel/GhostDrive/plugins/moosefs/internal/mfsclient/protocol.go:427.20,429.3 1 0
github.com/CCoupel/GhostDrive/plugins/moosefs/internal/mfsclient/protocol.go:430.2,432.25 3 0
github.com/CCoupel/GhostDrive/plugins/moosefs/internal/mfsclient/protocol.go:432.25,434.3 1 0
github.com/CCoupel/GhostDrive/plugins/moosefs/internal/mfsclient/protocol.go:435.2,435.55 1 0
github.com/CCoupel/GhostDrive/plugins/moosefs/internal/mfsclient/protocol.go:450.62,452.33 2 12
github.com/CCoupel/GhostDrive/plugins/moosefs/internal/mfsclient/protocol.go:452.33,455.3 1 0
github.com/CCoupel/GhostDrive/plugins/moosefs/internal/mfsclient/protocol.go:457.2,461.16 4 12
github.com/CCoupel/GhostDrive/plugins/moosefs/internal/mfsclient/protocol.go:461.16,463.3 1 0
github.com/CCoupel/GhostDrive/plugins/moosefs/internal/mfsclient/protocol.go:464.2,465.16 2 12
github.com/CCoupel/GhostDrive/plugins/moosefs/internal/mfsclient/protocol.go:465.16,467.3 1 0
github.com/CCoupel/GhostDrive/plugins/moosefs/internal/mfsclient/protocol.go:468.2,469.16 2 12
github.com/CCoupel/GhostDrive/plugins/moosefs/internal/mfsclient/protocol.go:469.16,471.3 1 0
github.com/CCoupel/GhostDrive/plugins/moosefs/internal/mfsclient/protocol.go:472.2,473.16 2 12
github.com/CCoupel/GhostDrive/plugins/moosefs/internal/mfsclient/protocol.go:473.16,475.3 1 0
github.com/CCoupel/GhostDrive/plugins/moosefs/internal/mfsclient/protocol.go:476.2,477.16 2 12
github.com/CCoupel/GhostDrive/plugins/moosefs/internal/mfsclient/protocol.go:477.16,479.3 1 0
github.com/CCoupel/GhostDrive/plugins/moosefs/internal/mfsclient/protocol.go:480.2,481.16 2 12
github.com/CCoupel/GhostDrive/plugins/moosefs/internal/mfsclient/protocol.go:481.16,483.3 1 0
github.com/CCoupel/GhostDrive/plugins/moosefs/internal/mfsclient/protocol.go:484.2,485.16 2 12
github.com/CCoupel/GhostDrive/plugins/moosefs/internal/mfsclient/protocol.go:485.16,487.3 1 0
github.com/CCoupel/GhostDrive/plugins/moosefs/internal/mfsclient/protocol.go:488.2,489.16 2 12
github.com/CCoupel/GhostDrive/plugins/moosefs/internal/mfsclient/protocol.go:489.16,491.3 1 0
github.com/CCoupel/GhostDrive/plugins/moosefs/internal/mfsclient/protocol.go:492.2,493.16 2 12
github.com/CCoupel/GhostDrive/plugins/moosefs/internal/mfsclient/protocol.go:493.16,495.3 1 0
github.com/CCoupel/GhostDrive/plugins/moosefs/internal/mfsclient/protocol.go:499.2,499.24 1 12
github.com/CCoupel/GhostDrive/plugins/moosefs/internal/mfsclient/protocol.go:499.24,501.3 1 0
github.com/CCoupel/GhostDrive/plugins/moosefs/internal/mfsclient/protocol.go:504.2,505.21 2 12
github.com/CCoupel/GhostDrive/plugins/moosefs/internal/mfsclient/protocol.go:512.43,512.71 1 37
