mode: atomic
github.com/CCoupel/GhostDrive/internal/cfapi/hydrator.go:57.13,59.20 2 20
github.com/CCoupel/GhostDrive/internal/cfapi/hydrator.go:59.20,61.3 1 19
github.com/CCoupel/GhostDrive/internal/cfapi/hydrator.go:62.2,62.13 1 20
github.com/CCoupel/GhostDrive/internal/cfapi/hydrator.go:62.13,64.3 1 18
github.com/CCoupel/GhostDrive/internal/cfapi/hydrator.go:65.2,65.15 1 20
github.com/CCoupel/GhostDrive/internal/cfapi/hydrator.go:65.15,67.3 1 5
github.com/CCoupel/GhostDrive/internal/cfapi/hydrator.go:68.2,77.3 1 20
github.com/CCoupel/GhostDrive/internal/cfapi/hydrator.go:83.77,84.16 1 5
github.com/CCoupel/GhostDrive/internal/cfapi/hydrator.go:84.16,86.3 1 0
github.com/CCoupel/GhostDrive/internal/cfapi/hydrator.go:89.2,93.15 5 5
github.com/CCoupel/GhostDrive/internal/cfapi/hydrator.go:93.15,98.3 4 5
github.com/CCoupel/GhostDrive/internal/cfapi/hydrator.go:101.2,113.20 7 5
github.com/CCoupel/GhostDrive/internal/cfapi/hydrator.go:113.20,114.28 1 11
github.com/CCoupel/GhostDrive/internal/cfapi/hydrator.go:114.28,116.4 1 0
github.com/CCoupel/GhostDrive/internal/cfapi/hydrator.go:118.3,119.26 2 11
github.com/CCoupel/GhostDrive/internal/cfapi/hydrator.go:119.26,121.4 1 3
github.com/CCoupel/GhostDrive/internal/cfapi/hydrator.go:122.3,133.83 4 11
github.com/CCoupel/GhostDrive/internal/cfapi/hydrator.go:133.83,136.4 1 1
github.com/CCoupel/GhostDrive/internal/cfapi/hydrator.go:136.9,138.24 1 10
github.com/CCoupel/GhostDrive/internal/cfapi/hydrator.go:138.24,140.5 1 0
github.com/CCoupel/GhostDrive/internal/cfapi/hydrator.go:141.4,143.18 3 10
github.com/CCoupel/GhostDrive/internal/cfapi/hydrator.go:143.18,146.5 2 1
github.com/CCoupel/GhostDrive/internal/cfapi/hydrator.go:149.4,153.6 1 9
github.com/CCoupel/GhostDrive/internal/cfapi/hydrator.go:157.3,158.22 2 10
github.com/CCoupel/GhostDrive/internal/cfapi/hydrator.go:158.22,160.4 1 6
github.com/CCoupel/GhostDrive/internal/cfapi/hydrator.go:161.3,162.29 2 10
github.com/CCoupel/GhostDrive/internal/cfapi/hydrator.go:162.29,164.4 1 0
github.com/CCoupel/GhostDrive/internal/cfapi/hydrator.go:165.3,165.38 1 10
github.com/CCoupel/GhostDrive/internal/cfapi/hydrator.go:165.38,166.9 1 0
github.com/CCoupel/GhostDrive/internal/cfapi/hydrator.go:168.3,177.81 3 10
github.com/CCoupel/GhostDrive/internal/cfapi/hydrator.go:177.81,180.4 2 0
github.com/CCoupel/GhostDrive/internal/cfapi/hydrator.go:182.3,187.71 4 10
github.com/CCoupel/GhostDrive/internal/cfapi/hydrator.go:187.71,195.4 2 4
github.com/CCoupel/GhostDrive/internal/cfapi/hydrator.go:199.2,199.80 1 4
github.com/CCoupel/GhostDrive/internal/cfapi/hydrator.go:199.80,201.3 1 0
github.com/CCoupel/GhostDrive/internal/cfapi/hydrator.go:202.2,202.12 1 4
github.com/CCoupel/GhostDrive/internal/cfapi/hydrator.go:206.52,210.8 4 1
github.com/CCoupel/GhostDrive/internal/cfapi/hydrator.go:210.8,212.3 1 0
github.com/CCoupel/GhostDrive/internal/cfapi/hydrator.go:217.85,218.16 1 12
github.com/CCoupel/GhostDrive/internal/cfapi/hydrator.go:218.16,220.3 1 0
github.com/CCoupel/GhostDrive/internal/cfapi/hydrator.go:221.2,221.22 1 12
github.com/CCoupel/GhostDrive/internal/cfapi/hydrator.go:221.22,223.3 1 0
github.com/CCoupel/GhostDrive/internal/cfapi/hydrator.go:225.2,227.16 3 12
github.com/CCoupel/GhostDrive/internal/cfapi/hydrator.go:227.16,229.3 1 0
github.com/CCoupel/GhostDrive/internal/cfapi/hydrator.go:231.2,232.27 2 12
github.com/CCoupel/GhostDrive/internal/cfapi/hydrator.go:232.27,240.3 1 2
github.com/CCoupel/GhostDrive/internal/cfapi/hydrator.go:242.2,242.28 1 12
github.com/CCoupel/GhostDrive/internal/cfapi/hydrator.go:242.28,244.3 1 11
github.com/CCoupel/GhostDrive/internal/cfapi/hydrator.go:246.2,247.12 2 1
github.com/CCoupel/GhostDrive/internal/cfapi/hydrator.go:253.94,255.86 2 5
github.com/CCoupel/GhostDrive/internal/cfapi/hydrator.go:255.86,258.3 2 0
github.com/CCoupel/GhostDrive/internal/cfapi/hydrator.go:259.2,261.22 2 5
github.com/CCoupel/GhostDrive/internal/cfapi/hydrator.go:261.22,263.3 1 0
github.com/CCoupel/GhostDrive/internal/cfapi/hydrator.go:264.2,265.16 2 5
github.com/CCoupel/GhostDrive/internal/cfapi/hydrator.go:265.16,267.3 1 0
github.com/CCoupel/GhostDrive/internal/cfapi/hydrator.go:269.2,277.31 4 5
github.com/CCoupel/GhostDrive/internal/cfapi/hydrator.go:283.59,284.23 1 21
github.com/CCoupel/GhostDrive/internal/cfapi/hydrator.go:284.23,286.3 1 0
github.com/CCoupel/GhostDrive/internal/cfapi/hydrator.go:287.2,289.41 2 21
github.com/CCoupel/GhostDrive/internal/cfapi/hydrator.go:289.41,292.3 2 1
github.com/CCoupel/GhostDrive/internal/cfapi/hydrator.go:293.2,294.15 2 20
github.com/CCoupel/GhostDrive/internal/cfapi/hydrator.go:294.15,296.3 1 13
github.com/CCoupel/GhostDrive/internal/cfapi/hydrator.go:298.2,299.34 2 20
github.com/CCoupel/GhostDrive/internal/cfapi/hydrator.go:299.34,301.3 1 0
github.com/CCoupel/GhostDrive/internal/cfapi/hydrator.go:302.2,302.12 1 20
github.com/CCoupel/GhostDrive/internal/cfapi/manager.go:55.75,61.2 1 7
github.com/CCoupel/GhostDrive/internal/cfapi/manager.go:66.103,70.43 3 13
github.com/CCoupel/GhostDrive/internal/cfapi/manager.go:70.43,72.3 1 1
github.com/CCoupel/GhostDrive/internal/cfapi/manager.go:74.2,74.24 1 12
github.com/CCoupel/GhostDrive/internal/cfapi/manager.go:74.24,76.3 1 1
github.com/CCoupel/GhostDrive/internal/cfapi/manager.go:77.2,77.15 1 11
github.com/CCoupel/GhostDrive/internal/cfapi/manager.go:77.15,79.3 1 8
github.com/CCoupel/GhostDrive/internal/cfapi/manager.go:81.2,82.49 2 11
github.com/CCoupel/GhostDrive/internal/cfapi/manager.go:82.49,84.3 1 11
github.com/CCoupel/GhostDrive/internal/cfapi/manager.go:86.2,87.19 2 11
github.com/CCoupel/GhostDrive/internal/cfapi/manager.go:87.19,89.3 1 11
github.com/CCoupel/GhostDrive/internal/cfapi/manager.go:91.2,93.37 2 11
github.com/CCoupel/GhostDrive/internal/cfapi/manager.go:93.37,96.3 1 0
github.com/CCoupel/GhostDrive/internal/cfapi/manager.go:98.2,106.39 3 11
github.com/CCoupel/GhostDrive/internal/cfapi/manager.go:106.39,108.3 1 0
github.com/CCoupel/GhostDrive/internal/cfapi/manager.go:113.2,114.45 2 11
github.com/CCoupel/GhostDrive/internal/cfapi/manager.go:114.45,115.13 1 11
github.com/CCoupel/GhostDrive/internal/cfapi/manager.go:115.13,116.74 1 11
github.com/CCoupel/GhostDrive/internal/cfapi/manager.go:116.74,118.5 1 0
github.com/CCoupel/GhostDrive/internal/cfapi/manager.go:120.8,123.19 2 0
github.com/CCoupel/GhostDrive/internal/cfapi/manager.go:123.20,123.21 0 0
github.com/CCoupel/GhostDrive/internal/cfapi/manager.go:126.2,132.12 2 11
github.com/CCoupel/GhostDrive/internal/cfapi/manager.go:138.50,141.8 3 11
github.com/CCoupel/GhostDrive/internal/cfapi/manager.go:141.8,143.3 1 10
github.com/CCoupel/GhostDrive/internal/cfapi/manager.go:144.2,146.9 2 11
github.com/CCoupel/GhostDrive/internal/cfapi/manager.go:146.9,148.3 1 1
github.com/CCoupel/GhostDrive/internal/cfapi/manager.go:151.2,151.25 1 10
github.com/CCoupel/GhostDrive/internal/cfapi/manager.go:151.25,153.3 1 10
github.com/CCoupel/GhostDrive/internal/cfapi/manager.go:155.2,155.48 1 10
github.com/CCoupel/GhostDrive/internal/cfapi/manager.go:155.48,157.3 1 0
github.com/CCoupel/GhostDrive/internal/cfapi/manager.go:158.2,158.48 1 10
github.com/CCoupel/GhostDrive/internal/cfapi/manager.go:158.48,160.3 1 0
github.com/CCoupel/GhostDrive/internal/cfapi/manager.go:161.2,161.12 1 10
github.com/CCoupel/GhostDrive/internal/cfapi/manager.go:166.97,167.30 1 2
github.com/CCoupel/GhostDrive/internal/cfapi/manager.go:167.30,169.20 2 5
github.com/CCoupel/GhostDrive/internal/cfapi/manager.go:169.20,171.4 1 2
github.com/CCoupel/GhostDrive/internal/cfapi/manager.go:172.3,172.53 1 5
github.com/CCoupel/GhostDrive/internal/cfapi/manager.go:172.53,175.4 1 1
github.com/CCoupel/GhostDrive/internal/cfapi/manager.go:177.2,177.12 1 2
github.com/CCoupel/GhostDrive/internal/cfapi/manager.go:181.37,184.28 3 4
github.com/CCoupel/GhostDrive/internal/cfapi/manager.go:184.28,186.3 1 7
github.com/CCoupel/GhostDrive/internal/cfapi/manager.go:187.2,189.25 2 4
github.com/CCoupel/GhostDrive/internal/cfapi/manager.go:189.25,190.36 1 7
github.com/CCoupel/GhostDrive/internal/cfapi/manager.go:190.36,192.4 1 0
github.com/CCoupel/GhostDrive/internal/cfapi/manager.go:194.2,194.12 1 4
github.com/CCoupel/GhostDrive/internal/cfapi/manager.go:199.80,204.9 4 10
github.com/CCoupel/GhostDrive/internal/cfapi/manager.go:204.9,206.3 1 3
github.com/CCoupel/GhostDrive/internal/cfapi/manager.go:208.2,209.63 2 7
github.com/CCoupel/GhostDrive/internal/cfapi/manager.go:209.63,211.3 1 0
github.com/CCoupel/GhostDrive/internal/cfapi/manager.go:214.2,214.22 1 7
github.com/CCoupel/GhostDrive/internal/cfapi/manager.go:214.22,221.3 2 7
github.com/CCoupel/GhostDrive/internal/cfapi/manager.go:222.2,222.12 1 7
github.com/CCoupel/GhostDrive/internal/cfapi/manager.go:227.74,229.9 2 0
github.com/CCoupel/GhostDrive/internal/cfapi/manager.go:229.9,231.3 1 0
github.com/CCoupel/GhostDrive/internal/cfapi/manager.go:232.2,232.57 1 0
github.com/CCoupel/GhostDrive/internal/cfapi/manager.go:236.42,237.11 1 12
github.com/CCoupel/GhostDrive/internal/cfapi/manager.go:238.26,239.22 1 2
github.com/CCoupel/GhostDrive/internal/cfapi/manager.go:240.24,241.19 1 2
github.com/CCoupel/GhostDrive/internal/cfapi/manager.go:242.23,243.18 1 4
github.com/CCoupel/GhostDrive/internal/cfapi/manager.go:244.23,245.18 1 2
github.com/CCoupel/GhostDrive/internal/cfapi/manager.go:246.25,247.20 1 2
github.com/CCoupel/GhostDrive/internal/cfapi/manager.go:248.10,249.19 1 0
github.com/CCoupel/GhostDrive/internal/cfapi/provider_stub.go:58.79,64.2 1 20
github.com/CCoupel/GhostDrive/internal/cfapi/provider_stub.go:66.86,66.100 1 12
github.com/CCoupel/GhostDrive/internal/cfapi/provider_stub.go:67.86,67.100 1 11
github.com/CCoupel/GhostDrive/internal/cfapi/provider_stub.go:68.86,68.100 1 12
github.com/CCoupel/GhostDrive/internal/cfapi/provider_stub.go:69.86,69.100 1 11
github.com/CCoupel/GhostDrive/internal/cfapi/provider_stub.go:70.86,70.103 1 2
github.com/CCoupel/GhostDrive/internal/cfapi/provider_stub.go:71.86,71.100 1 0
github.com/CCoupel/GhostDrive/internal/cfapi/provider_stub.go:72.86,72.100 1 12
github.com/CCoupel/GhostDrive/internal/cfapi/provider_stub.go:73.86,73.100 1 11
github.com/CCoupel/GhostDrive/internal/cfapi/provider_stub.go:74.86,74.100 1 2
github.com/CCoupel/GhostDrive/internal/config/config.go:45.32,60.2 1 19
github.com/CCoupel/GhostDrive/internal/config/config.go:63.34,65.31 2 7
github.com/CCoupel/GhostDrive/internal/config/config.go:65.31,67.20 2 0
github.com/CCoupel/GhostDrive/internal/config/config.go:67.20,69.4 1 0
github.com/CCoupel/GhostDrive/internal/config/config.go:70.3,70.17 1 0
github.com/CCoupel/GhostDrive/internal/config/config.go:71.8,73.17 2 7
github.com/CCoupel/GhostDrive/internal/config/config.go:73.17,75.4 1 0
github.com/CCoupel/GhostDrive/internal/config/config.go:76.3,77.16 2 7
github.com/CCoupel/GhostDrive/internal/config/config.go:77.16,79.4 1 5
github.com/CCoupel/GhostDrive/internal/config/config.go:79.9,81.4 1 2
github.com/CCoupel/GhostDrive/internal/config/config.go:84.2,84.31 1 7
github.com/CCoupel/GhostDrive/internal/config/config.go:84.31,86.3 1 0
github.com/CCoupel/GhostDrive/internal/config/config.go:87.2,87.47 1 7
github.com/CCoupel/GhostDrive/internal/config/config.go:91.35,93.16 2 5
github.com/CCoupel/GhostDrive/internal/config/config.go:93.16,95.3 1 0
github.com/CCoupel/GhostDrive/internal/config/config.go:96.2,96.47 1 5
github.com/CCoupel/GhostDrive/internal/config/config.go:101.43,105.16 3 12
github.com/CCoupel/GhostDrive/internal/config/config.go:105.16,106.25 1 1
github.com/CCoupel/GhostDrive/internal/config/config.go:106.25,108.4 1 1
github.com/CCoupel/GhostDrive/internal/config/config.go:109.3,109.59 1 0
github.com/CCoupel/GhostDrive/internal/config/config.go:112.2,112.51 1 11
github.com/CCoupel/GhostDrive/internal/config/config.go:112.51,114.3 1 1
github.com/CCoupel/GhostDrive/internal/config/config.go:117.2,117.29 1 10
github.com/CCoupel/GhostDrive/internal/config/config.go:117.29,119.3 1 0
github.com/CCoupel/GhostDrive/internal/config/config.go:120.2,120.33 1 10
github.com/CCoupel/GhostDrive/internal/config/config.go:120.33,122.3 1 1
github.com/CCoupel/GhostDrive/internal/config/config.go:123.2,123.25 1 10
github.com/CCoupel/GhostDrive/internal/config/config.go:123.25,125.3 1 0
github.com/CCoupel/GhostDrive/internal/config/config.go:127.2,127.17 1 10
github.com/CCoupel/GhostDrive/internal/config/config.go:131.39,133.16 2 1
github.com/CCoupel/GhostDrive/internal/config/config.go:133.16,135.3 1 0
github.com/CCoupel/GhostDrive/internal/config/config.go:136.2,136.19 1 1
github.com/CCoupel/GhostDrive/internal/config/config.go:142.45,144.47 2 7
github.com/CCoupel/GhostDrive/internal/config/config.go:144.47,146.3 1 1
github.com/CCoupel/GhostDrive/internal/config/config.go:148.2,149.16 2 6
github.com/CCoupel/GhostDrive/internal/config/config.go:149.16,151.3 1 0
github.com/CCoupel/GhostDrive/internal/config/config.go:153.2,153.55 1 6
github.com/CCoupel/GhostDrive/internal/config/config.go:153.55,155.3 1 0
github.com/CCoupel/GhostDrive/internal/config/config.go:157.2,157.12 1 6
github.com/CCoupel/GhostDrive/internal/config/config.go:161.39,163.16 2 1
github.com/CCoupel/GhostDrive/internal/config/config.go:163.16,165.3 1 0
github.com/CCoupel/GhostDrive/internal/config/config.go:166.2,166.24 1 1
github.com/CCoupel/GhostDrive/internal/cache/bolt_cache.go:36.89,37.64 1 9
github.com/CCoupel/GhostDrive/internal/cache/bolt_cache.go:37.64,39.3 1 0
github.com/CCoupel/GhostDrive/internal/cache/bolt_cache.go:40.2,41.16 2 9
github.com/CCoupel/GhostDrive/internal/cache/bolt_cache.go:41.16,43.3 1 0
github.com/CCoupel/GhostDrive/internal/cache/bolt_cache.go:45.2,45.46 1 9
github.com/CCoupel/GhostDrive/internal/cache/bolt_cache.go:45.46,46.84 1 9
github.com/CCoupel/GhostDrive/internal/cache/bolt_cache.go:46.84,47.62 1 36
github.com/CCoupel/GhostDrive/internal/cache/bolt_cache.go:47.62,49.5 1 0
github.com/CCoupel/GhostDrive/internal/cache/bolt_cache.go:51.3,51.13 1 9
github.com/CCoupel/GhostDrive/internal/cache/bolt_cache.go:52.17,55.3 2 0
github.com/CCoupel/GhostDrive/internal/cache/bolt_cache.go:56.2,56.62 1 9
github.com/CCoupel/GhostDrive/internal/cache/bolt_cache.go:62.71,64.2 1 39
github.com/CCoupel/GhostDrive/internal/cache/bolt_cache.go:67.34,71.2 3 64
github.com/CCoupel/GhostDrive/internal/cache/bolt_cache.go:74.34,75.16 1 53
github.com/CCoupel/GhostDrive/internal/cache/bolt_cache.go:75.16,77.3 1 22
github.com/CCoupel/GhostDrive/internal/cache/bolt_cache.go:78.2,78.42 1 31
github.com/CCoupel/GhostDrive/internal/cache/bolt_cache.go:81.51,83.2 1 53
github.com/CCoupel/GhostDrive/internal/cache/bolt_cache.go:85.63,87.2 1 44
github.com/CCoupel/GhostDrive/internal/cache/bolt_cache.go:89.51,91.55 2 20
github.com/CCoupel/GhostDrive/internal/cache/bolt_cache.go:91.55,93.3 1 0
github.com/CCoupel/GhostDrive/internal/cache/bolt_cache.go:94.2,94.25 1 20
github.com/CCoupel/GhostDrive/internal/cache/bolt_cache.go:97.56,99.73 2 19
github.com/CCoupel/GhostDrive/internal/cache/bolt_cache.go:99.73,101.3 1 0
github.com/CCoupel/GhostDrive/internal/cache/bolt_cache.go:102.2,102.15 1 19
github.com/CCoupel/GhostDrive/internal/cache/bolt_cache.go:108.124,112.42 3 19
github.com/CCoupel/GhostDrive/internal/cache/bolt_cache.go:112.42,117.15 5 19
github.com/CCoupel/GhostDrive/internal/cache/bolt_cache.go:117.15,120.4 2 8
github.com/CCoupel/GhostDrive/internal/cache/bolt_cache.go:122.3,123.17 2 11
github.com/CCoupel/GhostDrive/internal/cache/bolt_cache.go:123.17,128.4 3 0
github.com/CCoupel/GhostDrive/internal/cache/bolt_cache.go:131.3,131.50 1 11
github.com/CCoupel/GhostDrive/internal/cache/bolt_cache.go:131.50,136.4 4 1
github.com/CCoupel/GhostDrive/internal/cache/bolt_cache.go:140.3,140.65 1 10
github.com/CCoupel/GhostDrive/internal/cache/bolt_cache.go:140.65,145.4 4 1
github.com/CCoupel/GhostDrive/internal/cache/bolt_cache.go:148.3,148.82 1 9
github.com/CCoupel/GhostDrive/internal/cache/bolt_cache.go:148.82,153.4 4 0
github.com/CCoupel/GhostDrive/internal/cache/bolt_cache.go:155.3,158.13 4 9
github.com/CCoupel/GhostDrive/internal/cache/bolt_cache.go:161.2,161.12 1 19
github.com/CCoupel/GhostDrive/internal/cache/bolt_cache.go:161.12,163.3 1 10
github.com/CCoupel/GhostDrive/internal/cache/bolt_cache.go:164.2,164.21 1 9
github.com/CCoupel/GhostDrive/internal/cache/bolt_cache.go:168.84,173.16 4 20
github.com/CCoupel/GhostDrive/internal/cache/bolt_cache.go:173.16,175.3 1 0
github.com/CCoupel/GhostDrive/internal/cache/bolt_cache.go:177.2,177.45 1 20
github.com/CCoupel/GhostDrive/internal/cache/bolt_cache.go:177.45,186.39 6 20
github.com/CCoupel/GhostDrive/internal/cache/bolt_cache.go:186.39,187.58 1 0
github.com/CCoupel/GhostDrive/internal/cache/bolt_cache.go:187.58,189.5 1 0
github.com/CCoupel/GhostDrive/internal/cache/bolt_cache.go:191.4,191.52 1 0
github.com/CCoupel/GhostDrive/internal/cache/bolt_cache.go:191.52,194.5 2 0
github.com/CCoupel/GhostDrive/internal/cache/bolt_cache.go:199.3,200.49 2 20
github.com/CCoupel/GhostDrive/internal/cache/bolt_cache.go:200.49,202.4 1 0
github.com/CCoupel/GhostDrive/internal/cache/bolt_cache.go:204.3,204.52 1 20
github.com/CCoupel/GhostDrive/internal/cache/bolt_cache.go:204.52,206.4 1 0
github.com/CCoupel/GhostDrive/internal/cache/bolt_cache.go:208.3,208.51 1 20
github.com/CCoupel/GhostDrive/internal/cache/bolt_cache.go:208.51,210.4 1 0
github.com/CCoupel/GhostDrive/internal/cache/bolt_cache.go:212.3,216.46 3 20
github.com/CCoupel/GhostDrive/internal/cache/bolt_cache.go:216.46,218.4 1 1
github.com/CCoupel/GhostDrive/internal/cache/bolt_cache.go:219.3,219.13 1 19
github.com/CCoupel/GhostDrive/internal/cache/bolt_cache.go:225.67,235.104 8 1
github.com/CCoupel/GhostDrive/internal/cache/bolt_cache.go:235.104,236.46 1 1
github.com/CCoupel/GhostDrive/internal/cache/bolt_cache.go:236.46,237.51 1 1
github.com/CCoupel/GhostDrive/internal/cache/bolt_cache.go:237.51,241.5 3 1
github.com/CCoupel/GhostDrive/internal/cache/bolt_cache.go:244.3,245.51 2 1
github.com/CCoupel/GhostDrive/internal/cache/bolt_cache.go:248.2,248.36 1 1
github.com/CCoupel/GhostDrive/internal/cache/bolt_cache.go:248.36,250.3 1 1
github.com/CCoupel/GhostDrive/internal/cache/bolt_cache.go:251.2,251.12 1 1
github.com/CCoupel/GhostDrive/internal/cache/bolt_cache.go:256.89,258.45 2 1
github.com/CCoupel/GhostDrive/internal/cache/bolt_cache.go:258.45,260.3 1 1
github.com/CCoupel/GhostDrive/internal/cache/bolt_cache.go:265.84,267.45 2 1
github.com/CCoupel/GhostDrive/internal/cache/bolt_cache.go:267.45,269.3 1 1
github.com/CCoupel/GhostDrive/internal/cache/bolt_cache.go:274.74,284.90 8 2
github.com/CCoupel/GhostDrive/internal/cache/bolt_cache.go:284.90,285.48 1 7
github.com/CCoupel/GhostDrive/internal/cache/bolt_cache.go:285.48,287.4 1 7
github.com/CCoupel/GhostDrive/internal/cache/bolt_cache.go:289.3,291.37 3 7
github.com/CCoupel/GhostDrive/internal/cache/bolt_cache.go:294.2,294.29 1 2
github.com/CCoupel/GhostDrive/internal/cache/bolt_cache.go:294.29,297.45 2 7
github.com/CCoupel/GhostDrive/internal/cache/bolt_cache.go:297.45,300.4 2 7
github.com/CCoupel/GhostDrive/internal/cache/bolt_cache.go:303.2,304.12 2 2
github.com/CCoupel/GhostDrive/internal/cache/bolt_cache.go:308.40,310.40 2 3
github.com/CCoupel/GhostDrive/internal/cache/bolt_cache.go:310.40,318.3 7 3
github.com/CCoupel/GhostDrive/internal/cache/bolt_cache.go:319.2,319.10 1 3
github.com/CCoupel/GhostDrive/internal/cache/bolt_cache.go:323.35,325.2 1 10
github.com/CCoupel/GhostDrive/internal/cache/chunk_cache.go:53.32,55.2 1 1
github.com/CCoupel/GhostDrive/internal/cache/chunk_cache.go:61.99,64.2 2 1
github.com/CCoupel/GhostDrive/internal/cache/chunk_cache.go:66.76,68.2 1 1
github.com/CCoupel/GhostDrive/internal/cache/chunk_cache.go:70.70,72.2 1 1
github.com/CCoupel/GhostDrive/internal/cache/chunk_cache.go:74.74,76.2 1 1
github.com/CCoupel/GhostDrive/internal/cache/chunk_cache.go:78.40,80.2 1 1
github.com/CCoupel/GhostDrive/internal/cache/chunk_cache.go:82.35,84.2 1 1
github.com/CCoupel/GhostDrive/internal/sync/conflict.go:16.96,18.41 2 5
github.com/CCoupel/GhostDrive/internal/sync/conflict.go:18.41,20.3 1 3
github.com/CCoupel/GhostDrive/internal/sync/conflict.go:22.2,30.19 2 5
github.com/CCoupel/GhostDrive/internal/sync/conflict.go:30.19,31.69 1 1
github.com/CCoupel/GhostDrive/internal/sync/conflict.go:31.69,33.4 1 0
github.com/CCoupel/GhostDrive/internal/sync/conflict.go:36.2,36.15 1 5
github.com/CCoupel/GhostDrive/internal/sync/conflict.go:40.87,42.16 2 1
github.com/CCoupel/GhostDrive/internal/sync/conflict.go:42.16,44.3 1 0
github.com/CCoupel/GhostDrive/internal/sync/conflict.go:45.2,54.51 3 1
github.com/CCoupel/GhostDrive/internal/sync/conflict.go:54.51,56.3 1 0
github.com/CCoupel/GhostDrive/internal/sync/conflict.go:57.2,57.12 1 1
github.com/CCoupel/GhostDrive/internal/sync/dispatcher.go:26.46,26.47 0 0
github.com/CCoupel/GhostDrive/internal/sync/dispatcher.go:55.104,56.20 1 6
github.com/CCoupel/GhostDrive/internal/sync/dispatcher.go:56.20,58.3 1 0
github.com/CCoupel/GhostDrive/internal/sync/dispatcher.go:59.2,64.3 1 6
github.com/CCoupel/GhostDrive/internal/sync/dispatcher.go:70.71,73.2 2 0
github.com/CCoupel/GhostDrive/internal/sync/dispatcher.go:77.80,84.33 2 6
github.com/CCoupel/GhostDrive/internal/sync/dispatcher.go:84.33,91.10 3 4
github.com/CCoupel/GhostDrive/internal/sync/dispatcher.go:92.28,92.28 0 4
github.com/CCoupel/GhostDrive/internal/sync/dispatcher.go:93.21,95.12 2 0
github.com/CCoupel/GhostDrive/internal/sync/dispatcher.go:98.3,98.13 1 4
github.com/CCoupel/GhostDrive/internal/sync/dispatcher.go:98.13,100.17 2 4
github.com/CCoupel/GhostDrive/internal/sync/dispatcher.go:100.17,100.28 1 4
github.com/CCoupel/GhostDrive/internal/sync/dispatcher.go:102.4,102.44 1 4
github.com/CCoupel/GhostDrive/internal/sync/dispatcher.go:102.44,104.24 2 0
github.com/CCoupel/GhostDrive/internal/sync/dispatcher.go:104.24,106.6 1 0
github.com/CCoupel/GhostDrive/internal/sync/dispatcher.go:107.5,107.16 1 0
github.com/CCoupel/GhostDrive/internal/sync/dispatcher.go:112.2,113.17 2 6
github.com/CCoupel/GhostDrive/internal/sync/dispatcher.go:117.71,118.16 1 4
github.com/CCoupel/GhostDrive/internal/sync/dispatcher.go:119.20,126.65 2 2
github.com/CCoupel/GhostDrive/internal/sync/dispatcher.go:126.65,128.4 1 0
github.com/CCoupel/GhostDrive/internal/sync/dispatcher.go:130.22,137.67 2 2
github.com/CCoupel/GhostDrive/internal/sync/dispatcher.go:137.67,139.4 1 0
github.com/CCoupel/GhostDrive/internal/sync/dispatcher.go:141.3,141.67 1 2
github.com/CCoupel/GhostDrive/internal/sync/dispatcher.go:141.67,143.4 1 0
github.com/CCoupel/GhostDrive/internal/sync/dispatcher.go:145.20,146.61 1 0
github.com/CCoupel/GhostDrive/internal/sync/dispatcher.go:146.61,152.4 2 0
github.com/CCoupel/GhostDrive/internal/sync/dispatcher.go:154.19,155.64 1 0
github.com/CCoupel/GhostDrive/internal/sync/dispatcher.go:155.64,161.4 2 0
github.com/CCoupel/GhostDrive/internal/sync/dispatcher.go:163.10,164.64 1 0
github.com/CCoupel/GhostDrive/internal/sync/dispatcher.go:167.2,167.12 1 4
github.com/CCoupel/GhostDrive/internal/sync/download.go:17.108,18.74 1 8
github.com/CCoupel/GhostDrive/internal/sync/download.go:18.74,21.3 2 0
github.com/CCoupel/GhostDrive/internal/sync/download.go:22.2,22.72 1 8
github.com/CCoupel/GhostDrive/internal/sync/download.go:22.72,25.3 2 0
github.com/CCoupel/GhostDrive/internal/sync/download.go:28.2,35.38 3 8
github.com/CCoupel/GhostDrive/internal/sync/download.go:35.38,38.50 3 2
github.com/CCoupel/GhostDrive/internal/sync/download.go:38.50,40.4 1 1
github.com/CCoupel/GhostDrive/internal/sync/download.go:41.3,49.16 3 1
github.com/CCoupel/GhostDrive/internal/sync/download.go:49.16,51.4 1 1
github.com/CCoupel/GhostDrive/internal/sync/download.go:52.3,52.38 1 1
github.com/CCoupel/GhostDrive/internal/sync/download.go:56.2,61.95 2 8
github.com/CCoupel/GhostDrive/internal/sync/download.go:61.95,65.3 3 2
github.com/CCoupel/GhostDrive/internal/sync/download.go:67.2,67.59 1 6
github.com/CCoupel/GhostDrive/internal/sync/download.go:67.59,71.3 3 0
github.com/CCoupel/GhostDrive/internal/sync/download.go:73.2,73.12 1 6
github.com/CCoupel/GhostDrive/internal/sync/engine.go:44.11,45.20 1 13
github.com/CCoupel/GhostDrive/internal/sync/engine.go:45.20,47.3 1 0
github.com/CCoupel/GhostDrive/internal/sync/engine.go:48.2,61.3 1 13
github.com/CCoupel/GhostDrive/internal/sync/engine.go:66.49,70.2 3 0
github.com/CCoupel/GhostDrive/internal/sync/engine.go:75.51,76.30 1 4
github.com/CCoupel/GhostDrive/internal/sync/engine.go:76.30,78.3 1 1
github.com/CCoupel/GhostDrive/internal/sync/engine.go:80.2,82.25 3 3
github.com/CCoupel/GhostDrive/internal/sync/engine.go:82.25,86.3 3 1
github.com/CCoupel/GhostDrive/internal/sync/engine.go:87.2,91.12 4 2
github.com/CCoupel/GhostDrive/internal/sync/engine.go:95.25,98.25 3 2
github.com/CCoupel/GhostDrive/internal/sync/engine.go:98.25,101.3 2 2
github.com/CCoupel/GhostDrive/internal/sync/engine.go:105.26,108.15 3 1
github.com/CCoupel/GhostDrive/internal/sync/engine.go:108.15,115.3 2 1
github.com/CCoupel/GhostDrive/internal/sync/engine.go:119.27,122.14 3 1
github.com/CCoupel/GhostDrive/internal/sync/engine.go:122.14,129.3 2 1
github.com/CCoupel/GhostDrive/internal/sync/engine.go:133.55,135.2 1 4
github.com/CCoupel/GhostDrive/internal/sync/engine.go:140.45,145.21 4 21
github.com/CCoupel/GhostDrive/internal/sync/engine.go:145.21,147.3 1 0
github.com/CCoupel/GhostDrive/internal/sync/engine.go:148.2,148.23 1 21
github.com/CCoupel/GhostDrive/internal/sync/engine.go:148.23,150.3 1 14
github.com/CCoupel/GhostDrive/internal/sync/engine.go:151.2,151.30 1 21
github.com/CCoupel/GhostDrive/internal/sync/engine.go:151.30,153.3 1 14
github.com/CCoupel/GhostDrive/internal/sync/engine.go:154.2,154.10 1 21
github.com/CCoupel/GhostDrive/internal/sync/engine.go:159.43,161.63 1 2
github.com/CCoupel/GhostDrive/internal/sync/engine.go:161.63,163.3 1 0
github.com/CCoupel/GhostDrive/internal/sync/engine.go:166.2,167.16 2 2
github.com/CCoupel/GhostDrive/internal/sync/engine.go:167.16,170.3 2 0
github.com/CCoupel/GhostDrive/internal/sync/engine.go:172.2,173.16 2 2
github.com/CCoupel/GhostDrive/internal/sync/engine.go:173.16,176.3 2 0
github.com/CCoupel/GhostDrive/internal/sync/engine.go:177.2,181.16 3 2
github.com/CCoupel/GhostDrive/internal/sync/engine.go:181.16,184.3 1 0
github.com/CCoupel/GhostDrive/internal/sync/engine.go:186.2,186.6 1 2
github.com/CCoupel/GhostDrive/internal/sync/engine.go:186.6,187.10 1 4
github.com/CCoupel/GhostDrive/internal/sync/engine.go:188.21,194.10 2 2
github.com/CCoupel/GhostDrive/internal/sync/engine.go:196.28,197.11 1 0
github.com/CCoupel/GhostDrive/internal/sync/engine.go:197.11,199.5 1 0
github.com/CCoupel/GhostDrive/internal/sync/engine.go:200.4,200.20 1 0
github.com/CCoupel/GhostDrive/internal/sync/engine.go:200.20,201.13 1 0
github.com/CCoupel/GhostDrive/internal/sync/engine.go:203.4,204.75 2 0
github.com/CCoupel/GhostDrive/internal/sync/engine.go:204.75,206.5 1 0
github.com/CCoupel/GhostDrive/internal/sync/engine.go:208.34,209.11 1 2
github.com/CCoupel/GhostDrive/internal/sync/engine.go:209.11,214.25 1 2
github.com/CCoupel/GhostDrive/internal/sync/engine.go:214.25,216.6 1 2
github.com/CCoupel/GhostDrive/internal/sync/engine.go:217.5,218.13 2 2
github.com/CCoupel/GhostDrive/internal/sync/engine.go:222.4,222.51 1 0
github.com/CCoupel/GhostDrive/internal/sync/engine.go:222.51,224.25 1 0
github.com/CCoupel/GhostDrive/internal/sync/engine.go:224.25,226.6 1 0
github.com/CCoupel/GhostDrive/internal/sync/engine.go:227.5,227.13 1 0
github.com/CCoupel/GhostDrive/internal/sync/engine.go:229.4,229.50 1 0
github.com/CCoupel/GhostDrive/internal/sync/engine.go:229.50,231.25 1 0
github.com/CCoupel/GhostDrive/internal/sync/engine.go:231.25,233.6 1 0
github.com/CCoupel/GhostDrive/internal/sync/engine.go:234.5,234.13 1 0
github.com/CCoupel/GhostDrive/internal/sync/engine.go:236.4,236.20 1 0
github.com/CCoupel/GhostDrive/internal/sync/engine.go:236.20,237.13 1 0
github.com/CCoupel/GhostDrive/internal/sync/engine.go:239.4,240.76 2 0
github.com/CCoupel/GhostDrive/internal/sync/engine.go:240.76,242.5 1 0
github.com/CCoupel/GhostDrive/internal/sync/engine.go:247.57,249.14 2 6
github.com/CCoupel/GhostDrive/internal/sync/engine.go:249.14,252.3 2 0
github.com/CCoupel/GhostDrive/internal/sync/engine.go:253.2,271.37 11 6
github.com/CCoupel/GhostDrive/internal/sync/engine.go:271.37,273.3 1 0
github.com/CCoupel/GhostDrive/internal/sync/engine.go:275.2,276.16 2 6
github.com/CCoupel/GhostDrive/internal/sync/engine.go:276.16,284.3 3 0
github.com/CCoupel/GhostDrive/internal/sync/engine.go:286.2,290.78 4 6
github.com/CCoupel/GhostDrive/internal/sync/engine.go:290.78,292.3 1 0
github.com/CCoupel/GhostDrive/internal/sync/engine.go:295.2,295.37 1 6
github.com/CCoupel/GhostDrive/internal/sync/engine.go:295.37,297.3 1 0
github.com/CCoupel/GhostDrive/internal/sync/engine.go:299.2,307.12 4 6
github.com/CCoupel/GhostDrive/internal/sync/engine.go:310.85,316.37 6 0
github.com/CCoupel/GhostDrive/internal/sync/engine.go:316.37,318.3 1 0
github.com/CCoupel/GhostDrive/internal/sync/engine.go:319.2,321.18 2 0
github.com/CCoupel/GhostDrive/internal/sync/engine.go:322.59,327.6 1 0
github.com/CCoupel/GhostDrive/internal/sync/engine.go:328.32,333.6 1 0
github.com/CCoupel/GhostDrive/internal/sync/engine.go:335.2,335.12 1 0
github.com/CCoupel/GhostDrive/internal/sync/engine.go:338.86,344.37 6 0
github.com/CCoupel/GhostDrive/internal/sync/engine.go:344.37,346.3 1 0
github.com/CCoupel/GhostDrive/internal/sync/engine.go:347.2,349.18 2 0
github.com/CCoupel/GhostDrive/internal/sync/engine.go:350.59,355.6 1 0
github.com/CCoupel/GhostDrive/internal/sync/engine.go:356.32,361.5 1 0
github.com/CCoupel/GhostDrive/internal/sync/engine.go:363.2,363.12 1 0
github.com/CCoupel/GhostDrive/internal/sync/engine.go:366.46,370.2 3 14
github.com/CCoupel/GhostDrive/internal/sync/engine.go:372.34,376.2 3 3
github.com/CCoupel/GhostDrive/internal/sync/engine.go:378.52,393.2 6 4
github.com/CCoupel/GhostDrive/internal/sync/engine.go:401.34,408.2 4 2
github.com/CCoupel/GhostDrive/internal/sync/engine.go:415.33,417.41 2 2
github.com/CCoupel/GhostDrive/internal/sync/engine.go:417.41,419.3 1 1
github.com/CCoupel/GhostDrive/internal/sync/engine.go:420.2,423.4 2 2
github.com/CCoupel/GhostDrive/internal/sync/queue.go:33.35,35.2 1 4
github.com/CCoupel/GhostDrive/internal/sync/queue.go:38.41,40.2 1 8
github.com/CCoupel/GhostDrive/internal/sync/queue.go:44.36,48.2 3 5
github.com/CCoupel/GhostDrive/internal/sync/queue.go:57.45,61.2 3 12
github.com/CCoupel/GhostDrive/internal/sync/queue.go:65.49,69.31 3 5
github.com/CCoupel/GhostDrive/internal/sync/queue.go:69.31,70.27 1 4
github.com/CCoupel/GhostDrive/internal/sync/queue.go:70.27,74.4 2 0
github.com/CCoupel/GhostDrive/internal/sync/queue.go:75.3,75.21 1 4
github.com/CCoupel/GhostDrive/internal/sync/queue.go:75.21,78.4 2 2
github.com/CCoupel/GhostDrive/internal/sync/queue.go:81.2,81.19 1 3
github.com/CCoupel/GhostDrive/internal/sync/queue.go:86.50,88.26 2 3
github.com/CCoupel/GhostDrive/internal/sync/queue.go:88.26,90.3 1 1
github.com/CCoupel/GhostDrive/internal/sync/queue.go:91.2,92.13 2 2
github.com/CCoupel/GhostDrive/internal/sync/queue.go:96.32,100.2 3 7
github.com/CCoupel/GhostDrive/internal/sync/queue.go:103.41,110.2 6 1
github.com/CCoupel/GhostDrive/internal/sync/reconciler.go:50.90,56.2 1 12
github.com/CCoupel/GhostDrive/internal/sync/reconciler.go:67.94,70.16 2 12
github.com/CCoupel/GhostDrive/internal/sync/reconciler.go:70.16,72.3 1 0
github.com/CCoupel/GhostDrive/internal/sync/reconciler.go:75.2,76.16 2 12
github.com/CCoupel/GhostDrive/internal/sync/reconciler.go:76.16,78.3 1 0
github.com/CCoupel/GhostDrive/internal/sync/reconciler.go:80.2,84.28 3 12
github.com/CCoupel/GhostDrive/internal/sync/reconciler.go:84.28,87.3 2 7
github.com/CCoupel/GhostDrive/internal/sync/reconciler.go:90.2,91.29 2 12
github.com/CCoupel/GhostDrive/internal/sync/reconciler.go:91.29,93.3 1 7
github.com/CCoupel/GhostDrive/internal/sync/reconciler.go:98.2,98.37 1 12
github.com/CCoupel/GhostDrive/internal/sync/reconciler.go:98.37,103.22 4 7
github.com/CCoupel/GhostDrive/internal/sync/reconciler.go:103.22,104.21 1 0
github.com/CCoupel/GhostDrive/internal/sync/reconciler.go:104.21,110.5 1 0
github.com/CCoupel/GhostDrive/internal/sync/reconciler.go:111.4,111.12 1 0
github.com/CCoupel/GhostDrive/internal/sync/reconciler.go:114.3,114.20 1 7
github.com/CCoupel/GhostDrive/internal/sync/reconciler.go:114.20,121.12 2 2
github.com/CCoupel/GhostDrive/internal/sync/reconciler.go:125.3,125.65 1 5
github.com/CCoupel/GhostDrive/internal/sync/reconciler.go:125.65,127.49 1 4
github.com/CCoupel/GhostDrive/internal/sync/reconciler.go:127.49,140.5 2 2
github.com/CCoupel/GhostDrive/internal/sync/reconciler.go:140.10,153.5 2 2
github.com/CCoupel/GhostDrive/internal/sync/reconciler.go:159.2,159.39 1 12
github.com/CCoupel/GhostDrive/internal/sync/reconciler.go:159.39,160.52 1 7
github.com/CCoupel/GhostDrive/internal/sync/reconciler.go:160.52,164.22 3 2
github.com/CCoupel/GhostDrive/internal/sync/reconciler.go:164.22,171.5 1 0
github.com/CCoupel/GhostDrive/internal/sync/reconciler.go:171.10,177.5 1 2
github.com/CCoupel/GhostDrive/internal/sync/reconciler.go:181.2,181.21 1 12
github.com/CCoupel/GhostDrive/internal/sync/reconciler.go:185.110,187.16 2 12
github.com/CCoupel/GhostDrive/internal/sync/reconciler.go:187.16,189.3 1 0
github.com/CCoupel/GhostDrive/internal/sync/reconciler.go:191.2,192.28 2 12
github.com/CCoupel/GhostDrive/internal/sync/reconciler.go:192.28,194.14 2 7
github.com/CCoupel/GhostDrive/internal/sync/reconciler.go:194.14,196.18 2 0
github.com/CCoupel/GhostDrive/internal/sync/reconciler.go:196.18,198.5 1 0
github.com/CCoupel/GhostDrive/internal/sync/reconciler.go:199.4,199.35 1 0
github.com/CCoupel/GhostDrive/internal/sync/reconciler.go:202.2,202.20 1 12
github.com/CCoupel/GhostDrive/internal/sync/reconciler.go:206.66,208.88 2 12
github.com/CCoupel/GhostDrive/internal/sync/reconciler.go:208.88,209.17 1 19
github.com/CCoupel/GhostDrive/internal/sync/reconciler.go:209.17,211.4 1 0
github.com/CCoupel/GhostDrive/internal/sync/reconciler.go:212.3,212.25 1 19
github.com/CCoupel/GhostDrive/internal/sync/reconciler.go:212.25,214.4 1 12
github.com/CCoupel/GhostDrive/internal/sync/reconciler.go:215.3,216.17 2 7
github.com/CCoupel/GhostDrive/internal/sync/reconciler.go:216.17,218.4 1 0
github.com/CCoupel/GhostDrive/internal/sync/reconciler.go:219.3,220.13 2 7
github.com/CCoupel/GhostDrive/internal/sync/reconciler.go:222.2,222.20 1 12
github.com/CCoupel/GhostDrive/internal/sync/reconciler.go:227.70,231.2 3 7
github.com/CCoupel/GhostDrive/internal/sync/reconciler.go:234.101,235.30 1 5
github.com/CCoupel/GhostDrive/internal/sync/reconciler.go:235.30,237.3 1 1
github.com/CCoupel/GhostDrive/internal/sync/reconciler.go:239.2,239.80 1 4
github.com/CCoupel/GhostDrive/internal/sync/reconciler.go:239.80,241.3 1 1
github.com/CCoupel/GhostDrive/internal/sync/reconciler.go:242.2,242.13 1 3
github.com/CCoupel/GhostDrive/internal/sync/reconciler.go:246.55,247.21 1 4
github.com/CCoupel/GhostDrive/internal/sync/reconciler.go:247.21,249.3 1 1
github.com/CCoupel/GhostDrive/internal/sync/reconciler.go:251.2,252.16 2 3
github.com/CCoupel/GhostDrive/internal/sync/reconciler.go:252.16,254.3 1 0
github.com/CCoupel/GhostDrive/internal/sync/reconciler.go:255.2,264.32 3 3
github.com/CCoupel/GhostDrive/internal/sync/upload.go:17.106,18.74 1 6
github.com/CCoupel/GhostDrive/internal/sync/upload.go:18.74,21.3 2 0
github.com/CCoupel/GhostDrive/internal/sync/upload.go:22.2,22.51 1 6
github.com/CCoupel/GhostDrive/internal/sync/upload.go:22.51,25.3 2 1
github.com/CCoupel/GhostDrive/internal/sync/upload.go:27.2,32.38 2 5
github.com/CCoupel/GhostDrive/internal/sync/upload.go:32.38,35.50 3 2
github.com/CCoupel/GhostDrive/internal/sync/upload.go:35.50,37.4 1 1
github.com/CCoupel/GhostDrive/internal/sync/upload.go:38.3,46.16 3 1
github.com/CCoupel/GhostDrive/internal/sync/upload.go:46.16,48.4 1 1
github.com/CCoupel/GhostDrive/internal/sync/upload.go:49.3,49.38 1 1
github.com/CCoupel/GhostDrive/internal/sync/upload.go:52.2,52.87 1 5
github.com/CCoupel/GhostDrive/internal/sync/upload.go:52.87,55.3 2 1
github.com/CCoupel/GhostDrive/internal/sync/upload.go:56.2,56.12 1 4
github.com/CCoupel/GhostDrive/internal/sync/upload.go:60.61,66.2 1 4
github.com/CCoupel/GhostDrive/internal/sync/upload.go:70.59,72.21 2 14
github.com/CCoupel/GhostDrive/internal/sync/upload.go:72.21,74.94 2 4
github.com/CCoupel/GhostDrive/internal/sync/upload.go:74.94,76.4 1 0
github.com/CCoupel/GhostDrive/internal/sync/upload.go:78.2,78.12 1 14
github.com/CCoupel/GhostDrive/internal/sync/watcher.go:23.47,25.16 2 7
github.com/CCoupel/GhostDrive/internal/sync/watcher.go:25.16,27.3 1 0
github.com/CCoupel/GhostDrive/internal/sync/watcher.go:28.2,28.44 1 7
github.com/CCoupel/GhostDrive/internal/sync/watcher.go:33.80,34.45 1 7
github.com/CCoupel/GhostDrive/internal/sync/watcher.go:34.45,36.3 1 1
github.com/CCoupel/GhostDrive/internal/sync/watcher.go:38.2,40.12 2 6
github.com/CCoupel/GhostDrive/internal/sync/watcher.go:40.12,49.39 5 6
github.com/CCoupel/GhostDrive/internal/sync/watcher.go:49.39,50.11 1 3
github.com/CCoupel/GhostDrive/internal/sync/watcher.go:51.19,51.19 0 3
github.com/CCoupel/GhostDrive/internal/sync/watcher.go:52.22,52.22 0 0
github.com/CCoupel/GhostDrive/internal/sync/watcher.go:56.3,56.7 1 6
github.com/CCoupel/GhostDrive/internal/sync/watcher.go:56.7,57.11 1 11
github.com/CCoupel/GhostDrive/internal/sync/watcher.go:58.22,59.31 1 6
github.com/CCoupel/GhostDrive/internal/sync/watcher.go:59.31,61.6 1 3
github.com/CCoupel/GhostDrive/internal/sync/watcher.go:62.5,62.11 1 6
github.com/CCoupel/GhostDrive/internal/sync/watcher.go:64.39,65.12 1 0
github.com/CCoupel/GhostDrive/internal/sync/watcher.go:65.12,67.6 1 0
github.com/CCoupel/GhostDrive/internal/sync/watcher.go:68.5,68.12 1 0
github.com/CCoupel/GhostDrive/internal/sync/watcher.go:70.43,71.12 1 5
github.com/CCoupel/GhostDrive/internal/sync/watcher.go:71.12,73.6 1 0
github.com/CCoupel/GhostDrive/internal/sync/watcher.go:75.5,77.22 3 5
github.com/CCoupel/GhostDrive/internal/sync/watcher.go:77.22,78.14 1 0
github.com/CCoupel/GhostDrive/internal/sync/watcher.go:81.5,81.43 1 5
github.com/CCoupel/GhostDrive/internal/sync/watcher.go:81.43,86.6 3 2
github.com/CCoupel/GhostDrive/internal/sync/watcher.go:86.11,88.6 1 3
github.com/CCoupel/GhostDrive/internal/sync/watcher.go:90.5,94.69 4 5
github.com/CCoupel/GhostDrive/internal/sync/watcher.go:94.69,95.13 1 3
github.com/CCoupel/GhostDrive/internal/sync/watcher.go:96.32,97.13 1 0
github.com/CCoupel/GhostDrive/internal/sync/watcher.go:98.14,98.14 0 3
github.com/CCoupel/GhostDrive/internal/sync/watcher.go:100.6,105.8 1 3
github.com/CCoupel/GhostDrive/internal/sync/watcher.go:111.2,111.16 1 6
github.com/CCoupel/GhostDrive/internal/sync/watcher.go:115.32,117.2 1 3
github.com/CCoupel/GhostDrive/internal/sync/watcher.go:120.56,121.9 1 5
github.com/CCoupel/GhostDrive/internal/sync/watcher.go:122.31,123.34 1 1
github.com/CCoupel/GhostDrive/internal/sync/watcher.go:124.30,125.35 1 3
github.com/CCoupel/GhostDrive/internal/sync/watcher.go:126.31,127.34 1 1
github.com/CCoupel/GhostDrive/internal/sync/watcher.go:128.31,129.34 1 0
github.com/CCoupel/GhostDrive/internal/sync/watcher.go:130.10,131.12 1 0
