mode: set
github.com/CCoupel/GhostDrive/plugins/webdav/cmd/main.go:32.13,35.2 2 0
github.com/CCoupel/GhostDrive/plugins/webdav/auth.go:40.49,42.38 2 1
github.com/CCoupel/GhostDrive/plugins/webdav/auth.go:42.38,44.3 1 0
github.com/CCoupel/GhostDrive/plugins/webdav/auth.go:45.2,49.3 2 1
github.com/CCoupel/GhostDrive/plugins/webdav/auth.go:56.51,57.18 1 1
github.com/CCoupel/GhostDrive/plugins/webdav/auth.go:58.18,59.55 1 1
github.com/CCoupel/GhostDrive/plugins/webdav/auth.go:60.10,62.52 2 1
github.com/CCoupel/GhostDrive/plugins/webdav/webdav.go:103.21,103.42 1 1
github.com/CCoupel/GhostDrive/plugins/webdav/webdav.go:108.33,108.52 1 1
github.com/CCoupel/GhostDrive/plugins/webdav/webdav.go:128.60,129.23 1 1
github.com/CCoupel/GhostDrive/plugins/webdav/webdav.go:129.23,131.3 1 0
github.com/CCoupel/GhostDrive/plugins/webdav/webdav.go:134.2,135.18 2 1
github.com/CCoupel/GhostDrive/plugins/webdav/webdav.go:135.18,137.3 1 1
github.com/CCoupel/GhostDrive/plugins/webdav/webdav.go:138.2,139.66 2 1
github.com/CCoupel/GhostDrive/plugins/webdav/webdav.go:139.66,141.3 1 1
github.com/CCoupel/GhostDrive/plugins/webdav/webdav.go:144.2,145.16 2 1
github.com/CCoupel/GhostDrive/plugins/webdav/webdav.go:145.16,147.3 1 0
github.com/CCoupel/GhostDrive/plugins/webdav/webdav.go:148.2,154.43 2 1
github.com/CCoupel/GhostDrive/plugins/webdav/webdav.go:154.43,156.3 1 0
github.com/CCoupel/GhostDrive/plugins/webdav/webdav.go:158.2,158.14 1 1
github.com/CCoupel/GhostDrive/plugins/webdav/webdav.go:159.17,160.26 1 1
github.com/CCoupel/GhostDrive/plugins/webdav/webdav.go:160.26,162.4 1 0
github.com/CCoupel/GhostDrive/plugins/webdav/webdav.go:163.18,164.23 1 1
github.com/CCoupel/GhostDrive/plugins/webdav/webdav.go:164.23,166.4 1 0
github.com/CCoupel/GhostDrive/plugins/webdav/webdav.go:167.10,168.100 1 0
github.com/CCoupel/GhostDrive/plugins/webdav/webdav.go:172.2,173.46 2 1
github.com/CCoupel/GhostDrive/plugins/webdav/webdav.go:173.46,174.61 1 1
github.com/CCoupel/GhostDrive/plugins/webdav/webdav.go:174.61,176.4 1 1
github.com/CCoupel/GhostDrive/plugins/webdav/webdav.go:180.2,183.22 4 1
github.com/CCoupel/GhostDrive/plugins/webdav/webdav.go:183.22,186.3 2 0
github.com/CCoupel/GhostDrive/plugins/webdav/webdav.go:189.2,194.16 3 1
github.com/CCoupel/GhostDrive/plugins/webdav/webdav.go:194.16,196.3 1 0
github.com/CCoupel/GhostDrive/plugins/webdav/webdav.go:197.2,202.16 5 1
github.com/CCoupel/GhostDrive/plugins/webdav/webdav.go:202.16,204.3 1 1
github.com/CCoupel/GhostDrive/plugins/webdav/webdav.go:205.2,207.48 2 1
github.com/CCoupel/GhostDrive/plugins/webdav/webdav.go:207.48,209.3 1 0
github.com/CCoupel/GhostDrive/plugins/webdav/webdav.go:210.2,210.28 1 1
github.com/CCoupel/GhostDrive/plugins/webdav/webdav.go:210.28,212.3 1 0
github.com/CCoupel/GhostDrive/plugins/webdav/webdav.go:215.2,224.12 10 1
github.com/CCoupel/GhostDrive/plugins/webdav/webdav.go:229.38,235.2 5 1
github.com/CCoupel/GhostDrive/plugins/webdav/webdav.go:239.38,243.2 3 1
github.com/CCoupel/GhostDrive/plugins/webdav/webdav.go:250.55,256.22 5 1
github.com/CCoupel/GhostDrive/plugins/webdav/webdav.go:256.22,258.3 1 1
github.com/CCoupel/GhostDrive/plugins/webdav/webdav.go:259.2,261.31 3 1
github.com/CCoupel/GhostDrive/plugins/webdav/webdav.go:261.31,263.3 1 1
github.com/CCoupel/GhostDrive/plugins/webdav/webdav.go:264.2,264.51 1 1
github.com/CCoupel/GhostDrive/plugins/webdav/webdav.go:269.53,277.20 6 1
github.com/CCoupel/GhostDrive/plugins/webdav/webdav.go:277.20,279.3 1 1
github.com/CCoupel/GhostDrive/plugins/webdav/webdav.go:280.2,280.25 1 0
github.com/CCoupel/GhostDrive/plugins/webdav/webdav.go:280.25,282.3 1 0
github.com/CCoupel/GhostDrive/plugins/webdav/webdav.go:283.2,284.40 2 0
github.com/CCoupel/GhostDrive/plugins/webdav/webdav.go:284.40,286.3 1 0
github.com/CCoupel/GhostDrive/plugins/webdav/webdav.go:288.2,288.39 1 0
github.com/CCoupel/GhostDrive/plugins/webdav/webdav.go:295.65,302.33 6 1
github.com/CCoupel/GhostDrive/plugins/webdav/webdav.go:302.33,304.3 1 0
github.com/CCoupel/GhostDrive/plugins/webdav/webdav.go:306.2,308.16 3 1
github.com/CCoupel/GhostDrive/plugins/webdav/webdav.go:308.16,310.3 1 1
github.com/CCoupel/GhostDrive/plugins/webdav/webdav.go:311.2,316.22 2 1
github.com/CCoupel/GhostDrive/plugins/webdav/webdav.go:316.22,327.52 6 0
github.com/CCoupel/GhostDrive/plugins/webdav/webdav.go:327.52,329.4 1 0
github.com/CCoupel/GhostDrive/plugins/webdav/webdav.go:331.3,336.25 5 0
github.com/CCoupel/GhostDrive/plugins/webdav/webdav.go:336.25,338.4 1 0
github.com/CCoupel/GhostDrive/plugins/webdav/webdav.go:339.3,341.18 3 0
github.com/CCoupel/GhostDrive/plugins/webdav/webdav.go:341.18,343.4 1 0
github.com/CCoupel/GhostDrive/plugins/webdav/webdav.go:344.3,345.20 2 0
github.com/CCoupel/GhostDrive/plugins/webdav/webdav.go:348.2,348.18 1 1
github.com/CCoupel/GhostDrive/plugins/webdav/webdav.go:354.96,357.16 3 1
github.com/CCoupel/GhostDrive/plugins/webdav/webdav.go:357.16,359.3 1 0
github.com/CCoupel/GhostDrive/plugins/webdav/webdav.go:360.2,363.46 3 1
github.com/CCoupel/GhostDrive/plugins/webdav/webdav.go:363.46,365.3 1 0
github.com/CCoupel/GhostDrive/plugins/webdav/webdav.go:367.2,368.16 2 1
github.com/CCoupel/GhostDrive/plugins/webdav/webdav.go:368.16,370.3 1 1
github.com/CCoupel/GhostDrive/plugins/webdav/webdav.go:371.2,373.44 2 1
github.com/CCoupel/GhostDrive/plugins/webdav/webdav.go:373.44,375.3 1 1
github.com/CCoupel/GhostDrive/plugins/webdav/webdav.go:376.2,376.47 1 1
github.com/CCoupel/GhostDrive/plugins/webdav/webdav.go:376.47,378.3 1 0
github.com/CCoupel/GhostDrive/plugins/webdav/webdav.go:380.2,380.33 1 1
github.com/CCoupel/GhostDrive/plugins/webdav/webdav.go:384.58,386.57 2 1
github.com/CCoupel/GhostDrive/plugins/webdav/webdav.go:386.57,388.3 1 0
github.com/CCoupel/GhostDrive/plugins/webdav/webdav.go:389.2,389.17 1 1
github.com/CCoupel/GhostDrive/plugins/webdav/webdav.go:395.82,397.31 2 1
github.com/CCoupel/GhostDrive/plugins/webdav/webdav.go:397.31,399.3 1 0
github.com/CCoupel/GhostDrive/plugins/webdav/webdav.go:401.2,406.35 2 1
github.com/CCoupel/GhostDrive/plugins/webdav/webdav.go:406.35,408.42 1 1
github.com/CCoupel/GhostDrive/plugins/webdav/webdav.go:408.42,409.12 1 1
github.com/CCoupel/GhostDrive/plugins/webdav/webdav.go:411.3,413.28 3 1
github.com/CCoupel/GhostDrive/plugins/webdav/webdav.go:413.28,415.4 1 1
github.com/CCoupel/GhostDrive/plugins/webdav/webdav.go:416.3,416.27 1 1
github.com/CCoupel/GhostDrive/plugins/webdav/webdav.go:416.27,418.4 1 1
github.com/CCoupel/GhostDrive/plugins/webdav/webdav.go:419.3,419.38 1 1
github.com/CCoupel/GhostDrive/plugins/webdav/webdav.go:422.2,422.11 1 1
github.com/CCoupel/GhostDrive/plugins/webdav/webdav.go:432.110,433.22 1 1
github.com/CCoupel/GhostDrive/plugins/webdav/webdav.go:433.22,435.3 1 1
github.com/CCoupel/GhostDrive/plugins/webdav/webdav.go:436.2,436.34 1 1
github.com/CCoupel/GhostDrive/plugins/webdav/webdav.go:436.34,438.3 1 1
github.com/CCoupel/GhostDrive/plugins/webdav/webdav.go:440.2,441.16 2 1
github.com/CCoupel/GhostDrive/plugins/webdav/webdav.go:441.16,443.3 1 0
github.com/CCoupel/GhostDrive/plugins/webdav/webdav.go:444.2,447.16 3 1
github.com/CCoupel/GhostDrive/plugins/webdav/webdav.go:447.16,449.3 1 0
github.com/CCoupel/GhostDrive/plugins/webdav/webdav.go:450.2,453.21 3 1
github.com/CCoupel/GhostDrive/plugins/webdav/webdav.go:453.21,455.3 1 1
github.com/CCoupel/GhostDrive/plugins/webdav/webdav.go:457.2,458.16 2 1
github.com/CCoupel/GhostDrive/plugins/webdav/webdav.go:458.16,460.3 1 0
github.com/CCoupel/GhostDrive/plugins/webdav/webdav.go:461.2,465.16 3 1
github.com/CCoupel/GhostDrive/plugins/webdav/webdav.go:465.16,467.3 1 0
github.com/CCoupel/GhostDrive/plugins/webdav/webdav.go:468.2,473.36 3 1
github.com/CCoupel/GhostDrive/plugins/webdav/webdav.go:473.36,475.3 1 0
github.com/CCoupel/GhostDrive/plugins/webdav/webdav.go:476.2,476.12 1 1
github.com/CCoupel/GhostDrive/plugins/webdav/webdav.go:482.112,483.22 1 1
github.com/CCoupel/GhostDrive/plugins/webdav/webdav.go:483.22,485.3 1 1
github.com/CCoupel/GhostDrive/plugins/webdav/webdav.go:487.2,488.16 2 1
github.com/CCoupel/GhostDrive/plugins/webdav/webdav.go:488.16,490.3 1 0
github.com/CCoupel/GhostDrive/plugins/webdav/webdav.go:492.2,493.16 2 1
github.com/CCoupel/GhostDrive/plugins/webdav/webdav.go:493.16,495.3 1 0
github.com/CCoupel/GhostDrive/plugins/webdav/webdav.go:496.2,498.25 2 1
github.com/CCoupel/GhostDrive/plugins/webdav/webdav.go:499.27,500.72 1 1
github.com/CCoupel/GhostDrive/plugins/webdav/webdav.go:501.21,501.21 0 1
github.com/CCoupel/GhostDrive/plugins/webdav/webdav.go:503.10,504.88 1 0
github.com/CCoupel/GhostDrive/plugins/webdav/webdav.go:507.2,507.63 1 1
github.com/CCoupel/GhostDrive/plugins/webdav/webdav.go:507.63,509.3 1 0
github.com/CCoupel/GhostDrive/plugins/webdav/webdav.go:511.2,512.16 2 1
github.com/CCoupel/GhostDrive/plugins/webdav/webdav.go:512.16,514.3 1 0
github.com/CCoupel/GhostDrive/plugins/webdav/webdav.go:515.2,519.21 4 1
github.com/CCoupel/GhostDrive/plugins/webdav/webdav.go:519.21,521.3 1 1
github.com/CCoupel/GhostDrive/plugins/webdav/webdav.go:523.2,523.54 1 1
github.com/CCoupel/GhostDrive/plugins/webdav/webdav.go:523.54,525.3 1 0
github.com/CCoupel/GhostDrive/plugins/webdav/webdav.go:526.2,526.12 1 1
github.com/CCoupel/GhostDrive/plugins/webdav/webdav.go:531.68,532.22 1 1
github.com/CCoupel/GhostDrive/plugins/webdav/webdav.go:532.22,534.3 1 1
github.com/CCoupel/GhostDrive/plugins/webdav/webdav.go:536.2,537.16 2 1
github.com/CCoupel/GhostDrive/plugins/webdav/webdav.go:537.16,539.3 1 0
github.com/CCoupel/GhostDrive/plugins/webdav/webdav.go:541.2,542.16 2 1
github.com/CCoupel/GhostDrive/plugins/webdav/webdav.go:542.16,544.3 1 0
github.com/CCoupel/GhostDrive/plugins/webdav/webdav.go:545.2,548.25 3 1
github.com/CCoupel/GhostDrive/plugins/webdav/webdav.go:549.27,550.70 1 1
github.com/CCoupel/GhostDrive/plugins/webdav/webdav.go:551.43,552.13 1 1
github.com/CCoupel/GhostDrive/plugins/webdav/webdav.go:553.10,554.86 1 0
github.com/CCoupel/GhostDrive/plugins/webdav/webdav.go:560.76,561.22 1 1
github.com/CCoupel/GhostDrive/plugins/webdav/webdav.go:561.22,563.3 1 1
github.com/CCoupel/GhostDrive/plugins/webdav/webdav.go:565.2,566.16 2 1
github.com/CCoupel/GhostDrive/plugins/webdav/webdav.go:566.16,568.3 1 0
github.com/CCoupel/GhostDrive/plugins/webdav/webdav.go:569.2,573.16 4 1
github.com/CCoupel/GhostDrive/plugins/webdav/webdav.go:573.16,575.3 1 0
github.com/CCoupel/GhostDrive/plugins/webdav/webdav.go:576.2,579.25 3 1
github.com/CCoupel/GhostDrive/plugins/webdav/webdav.go:580.49,584.69 1 1
github.com/CCoupel/GhostDrive/plugins/webdav/webdav.go:585.48,586.13 1 1
github.com/CCoupel/GhostDrive/plugins/webdav/webdav.go:587.10,588.101 1 0
github.com/CCoupel/GhostDrive/plugins/webdav/webdav.go:597.89,598.22 1 1
github.com/CCoupel/GhostDrive/plugins/webdav/webdav.go:598.22,600.3 1 1
github.com/CCoupel/GhostDrive/plugins/webdav/webdav.go:602.2,603.16 2 1
github.com/CCoupel/GhostDrive/plugins/webdav/webdav.go:603.16,605.3 1 1
github.com/CCoupel/GhostDrive/plugins/webdav/webdav.go:607.2,609.36 3 1
github.com/CCoupel/GhostDrive/plugins/webdav/webdav.go:609.36,612.30 2 1
github.com/CCoupel/GhostDrive/plugins/webdav/webdav.go:612.30,613.12 1 1
github.com/CCoupel/GhostDrive/plugins/webdav/webdav.go:615.3,615.63 1 1
github.com/CCoupel/GhostDrive/plugins/webdav/webdav.go:617.2,617.20 1 1
github.com/CCoupel/GhostDrive/plugins/webdav/webdav.go:622.89,623.22 1 1
github.com/CCoupel/GhostDrive/plugins/webdav/webdav.go:623.22,625.3 1 1
github.com/CCoupel/GhostDrive/plugins/webdav/webdav.go:627.2,628.16 2 1
github.com/CCoupel/GhostDrive/plugins/webdav/webdav.go:628.16,630.3 1 1
github.com/CCoupel/GhostDrive/plugins/webdav/webdav.go:632.2,632.28 1 1
github.com/CCoupel/GhostDrive/plugins/webdav/webdav.go:632.28,634.3 1 0
github.com/CCoupel/GhostDrive/plugins/webdav/webdav.go:636.2,639.60 2 1
github.com/CCoupel/GhostDrive/plugins/webdav/webdav.go:639.60,641.3 1 0
github.com/CCoupel/GhostDrive/plugins/webdav/webdav.go:642.2,643.17 2 1
github.com/CCoupel/GhostDrive/plugins/webdav/webdav.go:648.72,649.22 1 1
github.com/CCoupel/GhostDrive/plugins/webdav/webdav.go:649.22,651.3 1 1
github.com/CCoupel/GhostDrive/plugins/webdav/webdav.go:653.2,654.16 2 1
github.com/CCoupel/GhostDrive/plugins/webdav/webdav.go:654.16,656.3 1 0
github.com/CCoupel/GhostDrive/plugins/webdav/webdav.go:658.2,659.16 2 1
github.com/CCoupel/GhostDrive/plugins/webdav/webdav.go:659.16,661.3 1 0
github.com/CCoupel/GhostDrive/plugins/webdav/webdav.go:662.2,665.25 3 1
github.com/CCoupel/GhostDrive/plugins/webdav/webdav.go:666.26,667.13 1 1
github.com/CCoupel/GhostDrive/plugins/webdav/webdav.go:668.35,670.13 1 1
github.com/CCoupel/GhostDrive/plugins/webdav/webdav.go:671.10,672.90 1 0
github.com/CCoupel/GhostDrive/plugins/webdav/webdav.go:682.98,683.22 1 1
github.com/CCoupel/GhostDrive/plugins/webdav/webdav.go:683.22,685.3 1 1
github.com/CCoupel/GhostDrive/plugins/webdav/webdav.go:687.2,693.12 5 1
github.com/CCoupel/GhostDrive/plugins/webdav/webdav.go:693.12,703.7 5 1
github.com/CCoupel/GhostDrive/plugins/webdav/webdav.go:703.7,704.11 1 1
github.com/CCoupel/GhostDrive/plugins/webdav/webdav.go:705.22,706.11 1 1
github.com/CCoupel/GhostDrive/plugins/webdav/webdav.go:707.20,708.25 1 1
github.com/CCoupel/GhostDrive/plugins/webdav/webdav.go:708.25,710.6 1 0
github.com/CCoupel/GhostDrive/plugins/webdav/webdav.go:712.5,713.19 2 1
github.com/CCoupel/GhostDrive/plugins/webdav/webdav.go:713.19,714.14 1 0
github.com/CCoupel/GhostDrive/plugins/webdav/webdav.go:717.5,718.32 2 1
github.com/CCoupel/GhostDrive/plugins/webdav/webdav.go:718.32,720.6 1 1
github.com/CCoupel/GhostDrive/plugins/webdav/webdav.go:723.5,723.35 1 1
github.com/CCoupel/GhostDrive/plugins/webdav/webdav.go:723.35,726.17 3 1
github.com/CCoupel/GhostDrive/plugins/webdav/webdav.go:726.17,728.7 1 1
github.com/CCoupel/GhostDrive/plugins/webdav/webdav.go:728.12,728.65 1 0
github.com/CCoupel/GhostDrive/plugins/webdav/webdav.go:728.65,730.7 1 0
github.com/CCoupel/GhostDrive/plugins/webdav/webdav.go:731.6,731.22 1 1
github.com/CCoupel/GhostDrive/plugins/webdav/webdav.go:731.22,732.14 1 1
github.com/CCoupel/GhostDrive/plugins/webdav/webdav.go:738.9,738.9 0 1
github.com/CCoupel/GhostDrive/plugins/webdav/webdav.go:739.25,740.14 1 0
github.com/CCoupel/GhostDrive/plugins/webdav/webdav.go:746.5,746.29 1 1
github.com/CCoupel/GhostDrive/plugins/webdav/webdav.go:746.29,747.45 1 0
github.com/CCoupel/GhostDrive/plugins/webdav/webdav.go:747.45,748.14 1 0
github.com/CCoupel/GhostDrive/plugins/webdav/webdav.go:754.9,754.9 0 0
github.com/CCoupel/GhostDrive/plugins/webdav/webdav.go:755.25,756.14 1 0
github.com/CCoupel/GhostDrive/plugins/webdav/webdav.go:761.5,761.26 1 1
github.com/CCoupel/GhostDrive/plugins/webdav/webdav.go:766.2,766.16 1 1
github.com/CCoupel/GhostDrive/plugins/webdav/webdav.go:771.99,773.16 2 1
github.com/CCoupel/GhostDrive/plugins/webdav/webdav.go:773.16,775.3 1 1
github.com/CCoupel/GhostDrive/plugins/webdav/webdav.go:776.2,777.29 2 1
github.com/CCoupel/GhostDrive/plugins/webdav/webdav.go:777.29,779.3 1 0
github.com/CCoupel/GhostDrive/plugins/webdav/webdav.go:780.2,780.10 1 1
github.com/CCoupel/GhostDrive/plugins/webdav/webdav.go:789.80,790.22 1 1
github.com/CCoupel/GhostDrive/plugins/webdav/webdav.go:790.22,792.3 1 1
github.com/CCoupel/GhostDrive/plugins/webdav/webdav.go:794.2,799.21 5 1
github.com/CCoupel/GhostDrive/plugins/webdav/webdav.go:799.21,801.3 1 0
github.com/CCoupel/GhostDrive/plugins/webdav/webdav.go:802.2,802.28 1 1
github.com/CCoupel/GhostDrive/plugins/webdav/webdav.go:802.28,804.3 1 0
github.com/CCoupel/GhostDrive/plugins/webdav/webdav.go:806.2,806.46 1 1
github.com/CCoupel/GhostDrive/plugins/webdav/webdav.go:806.46,807.42 1 1
github.com/CCoupel/GhostDrive/plugins/webdav/webdav.go:807.42,808.12 1 0
github.com/CCoupel/GhostDrive/plugins/webdav/webdav.go:810.3,811.50 2 1
github.com/CCoupel/GhostDrive/plugins/webdav/webdav.go:811.50,813.4 1 1
github.com/CCoupel/GhostDrive/plugins/webdav/webdav.go:814.3,816.33 3 0
github.com/CCoupel/GhostDrive/plugins/webdav/webdav.go:816.33,818.4 1 0
github.com/CCoupel/GhostDrive/plugins/webdav/webdav.go:819.3,819.34 1 0
github.com/CCoupel/GhostDrive/plugins/webdav/webdav.go:821.2,821.20 1 0
github.com/CCoupel/GhostDrive/plugins/webdav/webdav.go:835.61,838.24 3 1
github.com/CCoupel/GhostDrive/plugins/webdav/webdav.go:838.24,840.3 1 1
github.com/CCoupel/GhostDrive/plugins/webdav/webdav.go:841.2,841.8 1 1
github.com/CCoupel/GhostDrive/plugins/webdav/webdav.go:853.62,856.24 3 1
github.com/CCoupel/GhostDrive/plugins/webdav/webdav.go:856.24,858.3 1 1
github.com/CCoupel/GhostDrive/plugins/webdav/webdav.go:859.2,859.8 1 1
